Component: ARM Compiler 5.06 update 7 (build 960) Tool: armlink [4d3601]

==============================================================================

Section Cross References

    startup_stm32f103xb.o(RESET) refers to startup_stm32f103xb.o(STACK) for __initial_sp
    startup_stm32f103xb.o(RESET) refers to startup_stm32f103xb.o(.text) for Reset_Handler
    startup_stm32f103xb.o(RESET) refers to stm32f1xx_it.o(i.NMI_Handler) for NMI_Handler
    startup_stm32f103xb.o(RESET) refers to stm32f1xx_it.o(i.HardFault_Handler) for HardFault_Handler
    startup_stm32f103xb.o(RESET) refers to stm32f1xx_it.o(i.MemManage_Handler) for MemManage_Handler
    startup_stm32f103xb.o(RESET) refers to stm32f1xx_it.o(i.BusFault_Handler) for BusFault_Handler
    startup_stm32f103xb.o(RESET) refers to stm32f1xx_it.o(i.UsageFault_Handler) for UsageFault_Handler
    startup_stm32f103xb.o(RESET) refers to port.o(.emb_text) for SVC_Handler
    startup_stm32f103xb.o(RESET) refers to stm32f1xx_it.o(i.DebugMon_Handler) for DebugMon_Handler
    startup_stm32f103xb.o(RESET) refers to cmsis_os2.o(i.SysTick_Handler) for SysTick_Handler
    startup_stm32f103xb.o(RESET) refers to stm32f1xx_it.o(i.TIM3_IRQHandler) for TIM3_IRQHandler
    startup_stm32f103xb.o(RESET) refers to stm32f1xx_it.o(i.I2C1_EV_IRQHandler) for I2C1_EV_IRQHandler
    startup_stm32f103xb.o(RESET) refers to stm32f1xx_it.o(i.I2C1_ER_IRQHandler) for I2C1_ER_IRQHandler
    startup_stm32f103xb.o(RESET) refers to stm32f1xx_it.o(i.USART1_IRQHandler) for USART1_IRQHandler
    startup_stm32f103xb.o(RESET) refers to stm32f1xx_it.o(i.EXTI15_10_IRQHandler) for EXTI15_10_IRQHandler
    startup_stm32f103xb.o(.text) refers to system_stm32f1xx.o(i.SystemInit) for SystemInit
    startup_stm32f103xb.o(.text) refers to entry.o(.ARM.Collect$$$$00000000) for __main
    main.o(i.HAL_TIM_PeriodElapsedCallback) refers to stm32f1xx_hal.o(i.HAL_IncTick) for HAL_IncTick
    main.o(i.SystemClock_Config) refers to memseta.o(.text) for __aeabi_memclr4
    main.o(i.SystemClock_Config) refers to stm32f1xx_hal_rcc.o(i.HAL_RCC_OscConfig) for HAL_RCC_OscConfig
    main.o(i.SystemClock_Config) refers to stm32f1xx_hal_rcc.o(i.HAL_RCC_ClockConfig) for HAL_RCC_ClockConfig
    main.o(i.main) refers to stm32f1xx_hal.o(i.HAL_Init) for HAL_Init
    main.o(i.main) refers to main.o(i.SystemClock_Config) for SystemClock_Config
    main.o(i.main) refers to gpio.o(i.MX_GPIO_Init) for MX_GPIO_Init
    main.o(i.main) refers to tim.o(i.MX_TIM1_Init) for MX_TIM1_Init
    main.o(i.main) refers to tim.o(i.MX_TIM2_Init) for MX_TIM2_Init
    main.o(i.main) refers to tim.o(i.MX_TIM4_Init) for MX_TIM4_Init
    main.o(i.main) refers to usart.o(i.MX_USART1_UART_Init) for MX_USART1_UART_Init
    main.o(i.main) refers to i2c.o(i.MX_I2C1_Init) for MX_I2C1_Init
    main.o(i.main) refers to cmsis_os2.o(i.osKernelInitialize) for osKernelInitialize
    main.o(i.main) refers to freertos.o(i.MX_FREERTOS_Init) for MX_FREERTOS_Init
    main.o(i.main) refers to cmsis_os2.o(i.osKernelStart) for osKernelStart
    gpio.o(i.MX_GPIO_Init) refers to stm32f1xx_hal_gpio.o(i.HAL_GPIO_WritePin) for HAL_GPIO_WritePin
    gpio.o(i.MX_GPIO_Init) refers to stm32f1xx_hal_gpio.o(i.HAL_GPIO_Init) for HAL_GPIO_Init
    gpio.o(i.MX_GPIO_Init) refers to stm32f1xx_hal_cortex.o(i.HAL_NVIC_SetPriority) for HAL_NVIC_SetPriority
    gpio.o(i.MX_GPIO_Init) refers to stm32f1xx_hal_cortex.o(i.HAL_NVIC_EnableIRQ) for HAL_NVIC_EnableIRQ
    freertos.o(i.MX_FREERTOS_Init) refers to freertos.o(i.JTAG_Set) for JTAG_Set
    freertos.o(i.MX_FREERTOS_Init) refers to motor_ctrl.o(i.motor_tim_init) for motor_tim_init
    freertos.o(i.MX_FREERTOS_Init) refers to oled.o(i.oled_driver_Init) for oled_driver_Init
    freertos.o(i.MX_FREERTOS_Init) refers to io_iic.o(i.io_iic_init) for io_iic_init
    freertos.o(i.MX_FREERTOS_Init) refers to oled.o(i.oled_module_init) for oled_module_init
    freertos.o(i.MX_FREERTOS_Init) refers to cmsis_os2.o(i.osThreadNew) for osThreadNew
    freertos.o(i.MX_FREERTOS_Init) refers to freertos.o(.constdata) for .constdata
    freertos.o(i.MX_FREERTOS_Init) refers to freertos.o(i.StartDefaultTask) for StartDefaultTask
    freertos.o(i.MX_FREERTOS_Init) refers to freertos.o(.data) for .data
    freertos.o(i.StartDefaultTask) refers to jspool.o(i.jspool_init) for jspool_init
    freertos.o(i.StartDefaultTask) refers to printf4.o(i.__0printf$4) for __2printf
    freertos.o(i.StartDefaultTask) refers to mpu6050.o(i.mpu6050_init) for mpu6050_init
    freertos.o(i.StartDefaultTask) refers to ps2.o(i.PS2_SetInit) for PS2_SetInit
    freertos.o(i.StartDefaultTask) refers to cmsis_os2.o(i.osDelay) for osDelay
    freertos.o(i.StartDefaultTask) refers to isr_app.o(i.isr_app_init) for isr_app_init
    freertos.o(i.StartDefaultTask) refers to stm32f1xx_hal_cortex.o(i.HAL_NVIC_EnableIRQ) for HAL_NVIC_EnableIRQ
    freertos.o(i.StartDefaultTask) refers to stm32f1xx_hal_gpio.o(i.HAL_GPIO_TogglePin) for HAL_GPIO_TogglePin
[...]
    _init_2$$Base                             - Undefined Weak Reference
    _init_2$$Limit                            - Undefined Weak Reference
    _init_3$$Base                             - Undefined Weak Reference
    _init_3$$Limit                            - Undefined Weak Reference
    _microlib_exit                            - Undefined Weak Reference
    __Vectors_Size                           0x000000ec   Number         0  startup_stm32f103xb.o ABSOLUTE
    __Vectors                                0x08000000   Data           4  startup_stm32f103xb.o(RESET)
    __Vectors_End                            0x080000ec   Data           0  startup_stm32f103xb.o(RESET)
    __main                                   0x080000ed   Thumb Code     0  entry.o(.ARM.Collect$$$$00000000)
    _main_stk                                0x080000ed   Thumb Code     0  entry2.o(.ARM.Collect$$$$00000001)
    _main_scatterload                        0x080000f1   Thumb Code     0  entry5.o(.ARM.Collect$$$$00000004)
    __main_after_scatterload                 0x080000f5   Thumb Code     0  entry5.o(.ARM.Collect$$$$00000004)
    _main_clock                              0x080000f5   Thumb Code     0  entry7b.o(.ARM.Collect$$$$00000008)
    _main_cpp_init                           0x080000f5   Thumb Code     0  entry8b.o(.ARM.Collect$$$$0000000A)
    _main_init                               0x080000f5   Thumb Code     0  entry9a.o(.ARM.Collect$$$$0000000B)
    __rt_lib_shutdown_fini                   0x080000fd   Thumb Code     0  entry12b.o(.ARM.Collect$$$$0000000E)
    __rt_final_cpp                           0x08000101   Thumb Code     0  entry10a.o(.ARM.Collect$$$$0000000F)
    __rt_final_exit                          0x08000101   Thumb Code     0  entry11a.o(.ARM.Collect$$$$00000011)
    SVC_Handler                              0x08000105   Thumb Code    32  port.o(.emb_text)
    __asm___6_port_c_39a90d8d__prvStartFirstTask 0x08000129   Thumb Code    28  port.o(.emb_text)
    PendSV_Handler                           0x08000149   Thumb Code    72  port.o(.emb_text)
    vPortGetIPSR                             0x08000195   Thumb Code     6  port.o(.emb_text)
    Reset_Handler                            0x0800019d   Thumb Code     8  startup_stm32f103xb.o(.text)
    ADC1_2_IRQHandler                        0x080001b7   Thumb Code     0  startup_stm32f103xb.o(.text)
    CAN1_RX1_IRQHandler                      0x080001b7   Thumb Code     0  startup_stm32f103xb.o(.text)
    CAN1_SCE_IRQHandler                      0x080001b7   Thumb Code     0  startup_stm32f103xb.o(.text)
    DMA1_Channel1_IRQHandler                 0x080001b7   Thumb Code     0  startup_stm32f103xb.o(.text)
    DMA1_Channel2_IRQHandler                 0x080001b7   Thumb Code     0  startup_stm32f103xb.o(.text)
    DMA1_Channel3_IRQHandler                 0x080001b7   Thumb Code     0  startup_stm32f103xb.o(.text)
    DMA1_Channel4_IRQHandler                 0x080001b7   Thumb Code     0  startup_stm32f103xb.o(.text)
    DMA1_Channel5_IRQHandler                 0x080001b7   Thumb Code     0  startup_stm32f103xb.o(.text)
    DMA1_Channel6_IRQHandler                 0x080001b7   Thumb Code     0  startup_stm32f103xb.o(.text)
    DMA1_Channel7_IRQHandler                 0x080001b7   Thumb Code     0  startup_stm32f103xb.o(.text)
    EXTI0_IRQHandler                         0x080001b7   Thumb Code     0  startup_stm32f103xb.o(.text)
    EXTI1_IRQHandler                         0x080001b7   Thumb Code     0  startup_stm32f103xb.o(.text)
    EXTI2_IRQHandler                         0x080001b7   Thumb Code     0  startup_stm32f103xb.o(.text)
    EXTI3_IRQHandler                         0x080001b7   Thumb Code     0  startup_stm32f103xb.o(.text)
    EXTI4_IRQHandler                         0x080001b7   Thumb Code     0  startup_stm32f103xb.o(.text)
    EXTI9_5_IRQHandler                       0x080001b7   Thumb Code     0  startup_stm32f103xb.o(.text)
    FLASH_IRQHandler                         0x080001b7   Thumb Code     0  startup_stm32f103xb.o(.text)
    I2C2_ER_IRQHandler                       0x080001b7   Thumb Code     0  startup_stm32f103xb.o(.text)
    I2C2_EV_IRQHandler                       0x080001b7   Thumb Code     0  startup_stm32f103xb.o(.text)
    PVD_IRQHandler                           0x080001b7   Thumb Code     0  startup_stm32f103xb.o(.text)
    RCC_IRQHandler                           0x080001b7   Thumb Code     0  startup_stm32f103xb.o(.text)
    RTC_Alarm_IRQHandler                     0x080001b7   Thumb Code     0  startup_stm32f103xb.o(.text)
    RTC_IRQHandler                           0x080001b7   Thumb Code     0  startup_stm32f103xb.o(.text)
    SPI1_IRQHandler                          0x080001b7   Thumb Code     0  startup_stm32f103xb.o(.text)
    SPI2_IRQHandler                          0x080001b7   Thumb Code     0  startup_stm32f103xb.o(.text)
    TAMPER_IRQHandler                        0x080001b7   Thumb Code     0  startup_stm32f103xb.o(.text)
    TIM1_BRK_IRQHandler                      0x080001b7   Thumb Code     0  startup_stm32f103xb.o(.text)
    TIM1_CC_IRQHandler                       0x080001b7   Thumb Code     0  startup_stm32f103xb.o(.text)
    TIM1_TRG_COM_IRQHandler                  0x080001b7   Thumb Code     0  startup_stm32f103xb.o(.text)
    TIM1_UP_IRQHandler                       0x080001b7   Thumb Code     0  startup_stm32f103xb.o(.text)
    TIM2_IRQHandler                          0x080001b7   Thumb Code     0  startup_stm32f103xb.o(.text)
    TIM4_IRQHandler                          0x080001b7   Thumb Code     0  startup_stm32f103xb.o(.text)
    USART2_IRQHandler                        0x080001b7   Thumb Code     0  startup_stm32f103xb.o(.text)
    USART3_IRQHandler                        0x080001b7   Thumb Code     0  startup_stm32f103xb.o(.text)
    USBWakeUp_IRQHandler                     0x080001b7   Thumb Code     0  startup_stm32f103xb.o(.text)
    USB_HP_CAN1_TX_IRQHandler                0x080001b7   Thumb Code     0  startup_stm32f103xb.o(.text)
    USB_LP_CAN1_RX0_IRQHandler               0x080001b7   Thumb Code     0  startup_stm32f103xb.o(.text)
    WWDG_IRQHandler                          0x080001b7   Thumb Code     0  startup_stm32f103xb.o(.text)
    __aeabi_ldivmod                          0x080001c1   Thumb Code    98  ldiv.o(.text)
    __aeabi_llsr                             0x08000223   Thumb Code    32  llushr.o(.text)
    _ll_ushift_r                             0x08000223   Thumb Code     0  llushr.o(.text)
    __aeabi_memcpy                           0x08000243   Thumb Code    36  memcpya.o(.text)
    __aeabi_memcpy4                          0x08000243   Thumb Code     0  memcpya.o(.text)
    __aeabi_memcpy8                          0x08000243   Thumb Code     0  memcpya.o(.text)
    __aeabi_memset                           0x08000267   Thumb Code    14  memseta.o(.text)
    __aeabi_memset4                          0x08000267   Thumb Code     0  memseta.o(.text)
    __aeabi_memset8                          0x08000267   Thumb Code     0  memseta.o(.text)
    __aeabi_memclr                           0x08000275   Thumb Code     4  memseta.o(.text)
    __aeabi_memclr4                          0x08000275   Thumb Code     0  memseta.o(.text)
    __aeabi_memclr8                          0x08000275   Thumb Code     0  memseta.o(.text)
    memset                                   0x08000279   Thumb Code    18  memseta.o(.text)
    strncpy                                  0x0800028b   Thumb Code    24  strncpy.o(.text)
    strcmp                                   0x080002a3   Thumb Code    28  strcmp.o(.text)
    memcmp                                   0x080002bf   Thumb Code    26  memcmp.o(.text)
    __aeabi_fadd                             0x080002d9   Thumb Code   164  fadd.o(.text)
    __aeabi_fsub                             0x0800037d   Thumb Code     6  fadd.o(.text)
    __aeabi_frsub                            0x08000383   Thumb Code     6  fadd.o(.text)
    __aeabi_fmul                             0x08000389   Thumb Code   100  fmul.o(.text)
    __aeabi_fdiv                             0x080003ed   Thumb Code   124  fdiv.o(.text)
    __ARM_scalbnf                            0x08000469   Thumb Code    24  fscalb.o(.text)
    scalbnf                                  0x08000469   Thumb Code     0  fscalb.o(.text)
    __aeabi_dmul                             0x08000481   Thumb Code   228  dmul.o(.text)
    __aeabi_ddiv                             0x08000565   Thumb Code   222  ddiv.o(.text)
    __aeabi_i2f                              0x08000643   Thumb Code    18  fflti.o(.text)
    __aeabi_ui2f                             0x08000655   Thumb Code    10  ffltui.o(.text)
    __aeabi_i2d                              0x0800065f   Thumb Code    34  dflti.o(.text)
    __aeabi_f2iz                             0x08000681   Thumb Code    50  ffixi.o(.text)
    __aeabi_f2uiz                            0x080006b3   Thumb Code    40  ffixui.o(.text)
    __aeabi_f2d                              0x080006db   Thumb Code    38  f2d.o(.text)
    __aeabi_d2f                              0x08000701   Thumb Code    56  d2f.o(.text)
    __aeabi_uldivmod                         0x08000739   Thumb Code    98  uldiv.o(.text)
    __I$use$fp                               0x0800079b   Thumb Code     0  iusefp.o(.text)
    _float_round                             0x0800079b   Thumb Code    18  fepilogue.o(.text)
    _float_epilogue                          0x080007ad   Thumb Code    92  fepilogue.o(.text)
    _double_round                            0x08000809   Thumb Code    30  depilogue.o(.text)
    _double_epilogue                         0x08000827   Thumb Code   156  depilogue.o(.text)
    __aeabi_dadd                             0x080008c3   Thumb Code   322  dadd.o(.text)
    __aeabi_dsub                             0x08000a05   Thumb Code     6  dadd.o(.text)
    __aeabi_drsub                            0x08000a0b   Thumb Code     6  dadd.o(.text)
    __aeabi_cdcmpeq                          0x08000a11   Thumb Code     0  cdcmple.o(.text)
    __aeabi_cdcmple                          0x08000a11   Thumb Code    48  cdcmple.o(.text)
    __scatterload                            0x08000a41   Thumb Code    28  init.o(.text)
    __scatterload_rt2                        0x08000a41   Thumb Code     0  init.o(.text)
    __aeabi_llsl                             0x08000a65   Thumb Code    30  llshl.o(.text)
    _ll_shift_l                              0x08000a65   Thumb Code     0  llshl.o(.text)
    __aeabi_lasr                             0x08000a83   Thumb Code    36  llsshr.o(.text)
    _ll_sshift_r                             0x08000a83   Thumb Code     0  llsshr.o(.text)
    __ARM_scalbn                             0x08000aa7   Thumb Code    46  dscalb.o(.text)
    scalbn                                   0x08000aa7   Thumb Code     0  dscalb.o(.text)
    __decompress                             0x08000ad5   Thumb Code     0  __dczerorl2.o(.text)
    __decompress1                            0x08000ad5   Thumb Code    86  __dczerorl2.o(.text)
    Balance                                  0x08000b2d   Thumb Code    48  isr_app.o(i.Balance)
    BusFault_Handler                         0x08000b69   Thumb Code     2  stm32f1xx_it.o(i.BusFault_Handler)
    DebugMon_Handler                         0x08000eb5   Thumb Code     2  stm32f1xx_it.o(i.DebugMon_Handler)
    EXTI15_10_IRQHandler                     0x08000eb7   Thumb Code     8  stm32f1xx_it.o(i.EXTI15_10_IRQHandler)
    Error_Handler                            0x08000ebf   Thumb Code     4  main.o(i.Error_Handler)
    Get_Velocity_Form_Encoder                0x08000ec5   Thumb Code   120  isr_app.o(i.Get_Velocity_Form_Encoder)
    HAL_DMA_Abort                            0x08000f51   Thumb Code    70  stm32f1xx_hal_dma.o(i.HAL_DMA_Abort)
    HAL_DMA_Abort_IT                         0x08000f99   Thumb Code   148  stm32f1xx_hal_dma.o(i.HAL_DMA_Abort_IT)
    HAL_DMA_GetState                         0x08001031   Thumb Code     6  stm32f1xx_hal_dma.o(i.HAL_DMA_GetState)
    HAL_Delay                                0x08001039   Thumb Code    32  stm32f1xx_hal.o(i.HAL_Delay)
    HAL_GPIO_EXTI_Callback                   0x0800105d   Thumb Code    50  isr_app.o(i.HAL_GPIO_EXTI_Callback)
    HAL_GPIO_EXTI_IRQHandler                 0x08001099   Thumb Code    18  stm32f1xx_hal_gpio.o(i.HAL_GPIO_EXTI_IRQHandler)
    HAL_GPIO_Init                            0x080010b1   Thumb Code   446  stm32f1xx_hal_gpio.o(i.HAL_GPIO_Init)
    HAL_GPIO_ReadPin                         0x08001291   Thumb Code    10  stm32f1xx_hal_gpio.o(i.HAL_GPIO_ReadPin)
    HAL_GPIO_TogglePin                       0x0800129b   Thumb Code    16  stm32f1xx_hal_gpio.o(i.HAL_GPIO_TogglePin)
    HAL_GPIO_WritePin                        0x080012ab   Thumb Code    10  stm32f1xx_hal_gpio.o(i.HAL_GPIO_WritePin)
    HAL_GetTick                              0x080012b5   Thumb Code     6  stm32f1xx_hal.o(i.HAL_GetTick)
    HAL_I2C_AbortCpltCallback                0x080012c1   Thumb Code     2  stm32f1xx_hal_i2c.o(i.HAL_I2C_AbortCpltCallback)
    HAL_I2C_AddrCallback                     0x080012c3   Thumb Code     2  stm32f1xx_hal_i2c.o(i.HAL_I2C_AddrCallback)
    HAL_I2C_ER_IRQHandler                    0x080012c5   Thumb Code   196  stm32f1xx_hal_i2c.o(i.HAL_I2C_ER_IRQHandler)
    HAL_I2C_EV_IRQHandler                    0x08001389   Thumb Code   560  stm32f1xx_hal_i2c.o(i.HAL_I2C_EV_IRQHandler)
    HAL_I2C_ErrorCallback                    0x080015b9   Thumb Code     2  stm32f1xx_hal_i2c.o(i.HAL_I2C_ErrorCallback)
    HAL_I2C_Init                             0x080015bd   Thumb Code   376  stm32f1xx_hal_i2c.o(i.HAL_I2C_Init)
    HAL_I2C_ListenCpltCallback               0x08001745   Thumb Code     2  stm32f1xx_hal_i2c.o(i.HAL_I2C_ListenCpltCallback)
    HAL_I2C_MasterRxCpltCallback             0x08001747   Thumb Code     2  stm32f1xx_hal_i2c.o(i.HAL_I2C_MasterRxCpltCallback)
    HAL_I2C_MasterTxCpltCallback             0x08001749   Thumb Code     2  stm32f1xx_hal_i2c.o(i.HAL_I2C_MasterTxCpltCallback)
    HAL_I2C_MemRxCpltCallback                0x0800174b   Thumb Code     2  stm32f1xx_hal_i2c.o(i.HAL_I2C_MemRxCpltCallback)
    HAL_I2C_MemTxCpltCallback                0x0800174d   Thumb Code     2  stm32f1xx_hal_i2c.o(i.HAL_I2C_MemTxCpltCallback)
    HAL_I2C_Mem_Read                         0x08001751   Thumb Code   586  stm32f1xx_hal_i2c.o(i.HAL_I2C_Mem_Read)
    HAL_I2C_Mem_Write                        0x080019ad   Thumb Code   294  stm32f1xx_hal_i2c.o(i.HAL_I2C_Mem_Write)
    HAL_I2C_MspInit                          0x08001add   Thumb Code   128  i2c.o(i.HAL_I2C_MspInit)
    HAL_I2C_SlaveRxCpltCallback              0x08001b6d   Thumb Code     2  stm32f1xx_hal_i2c.o(i.HAL_I2C_SlaveRxCpltCallback)
    HAL_I2C_SlaveTxCpltCallback              0x08001b6f   Thumb Code     2  stm32f1xx_hal_i2c.o(i.HAL_I2C_SlaveTxCpltCallback)
    HAL_IncTick                              0x08001b71   Thumb Code    12  stm32f1xx_hal.o(i.HAL_IncTick)
    HAL_Init                                 0x08001b81   Thumb Code    32  stm32f1xx_hal.o(i.HAL_Init)
    HAL_InitTick                             0x08001ba5   Thumb Code   132  stm32f1xx_hal_timebase_tim.o(i.HAL_InitTick)
    HAL_MspInit                              0x08001c3d   Thumb Code    62  stm32f1xx_hal_msp.o(i.HAL_MspInit)
    HAL_NVIC_EnableIRQ                       0x08001c85   Thumb Code    26  stm32f1xx_hal_cortex.o(i.HAL_NVIC_EnableIRQ)
    HAL_NVIC_SetPriority                     0x08001ca1   Thumb Code    60  stm32f1xx_hal_cortex.o(i.HAL_NVIC_SetPriority)
    HAL_NVIC_SetPriorityGrouping             0x08001ce1   Thumb Code    26  stm32f1xx_hal_cortex.o(i.HAL_NVIC_SetPriorityGrouping)
    HAL_RCC_ClockConfig                      0x08001d05   Thumb Code   280  stm32f1xx_hal_rcc.o(i.HAL_RCC_ClockConfig)
    HAL_RCC_GetClockConfig                   0x08001e31   Thumb Code    54  stm32f1xx_hal_rcc.o(i.HAL_RCC_GetClockConfig)
    HAL_RCC_GetPCLK1Freq                     0x08001e71   Thumb Code    20  stm32f1xx_hal_rcc.o(i.HAL_RCC_GetPCLK1Freq)
    HAL_RCC_GetPCLK2Freq                     0x08001e91   Thumb Code    20  stm32f1xx_hal_rcc.o(i.HAL_RCC_GetPCLK2Freq)
    HAL_RCC_GetSysClockFreq                  0x08001eb1   Thumb Code    58  stm32f1xx_hal_rcc.o(i.HAL_RCC_GetSysClockFreq)
    HAL_RCC_OscConfig                        0x08001efd   Thumb Code   778  stm32f1xx_hal_rcc.o(i.HAL_RCC_OscConfig)
    HAL_TIMEx_BreakCallback                  0x0800221d   Thumb Code     2  stm32f1xx_hal_tim_ex.o(i.HAL_TIMEx_BreakCallback)
    HAL_TIMEx_CommutCallback                 0x0800221f   Thumb Code     2  stm32f1xx_hal_tim_ex.o(i.HAL_TIMEx_CommutCallback)
    HAL_TIMEx_ConfigBreakDeadTime            0x08002221   Thumb Code    84  stm32f1xx_hal_tim_ex.o(i.HAL_TIMEx_ConfigBreakDeadTime)
    HAL_TIMEx_MasterConfigSynchronization    0x08002275   Thumb Code    92  stm32f1xx_hal_tim_ex.o(i.HAL_TIMEx_MasterConfigSynchronization)
    HAL_TIM_Base_Init                        0x080022dd   Thumb Code    90  stm32f1xx_hal_tim.o(i.HAL_TIM_Base_Init)
    HAL_TIM_Base_MspInit                     0x08002337   Thumb Code     2  stm32f1xx_hal_tim.o(i.HAL_TIM_Base_MspInit)
    HAL_TIM_Base_Start_IT                    0x08002339   Thumb Code    76  stm32f1xx_hal_tim.o(i.HAL_TIM_Base_Start_IT)
    HAL_TIM_Encoder_Init                     0x08002391   Thumb Code   164  stm32f1xx_hal_tim.o(i.HAL_TIM_Encoder_Init)
    HAL_TIM_Encoder_MspInit                  0x08002435   Thumb Code   122  tim.o(i.HAL_TIM_Encoder_MspInit)
    HAL_TIM_Encoder_Start                    0x080024c1   Thumb Code   142  stm32f1xx_hal_tim.o(i.HAL_TIM_Encoder_Start)
    HAL_TIM_IC_CaptureCallback               0x0800254f   Thumb Code     2  stm32f1xx_hal_tim.o(i.HAL_TIM_IC_CaptureCallback)
    HAL_TIM_IRQHandler                       0x08002551   Thumb Code   304  stm32f1xx_hal_tim.o(i.HAL_TIM_IRQHandler)
    HAL_TIM_MspPostInit                      0x08002681   Thumb Code    64  tim.o(i.HAL_TIM_MspPostInit)
    HAL_TIM_OC_DelayElapsedCallback          0x080026cd   Thumb Code     2  stm32f1xx_hal_tim.o(i.HAL_TIM_OC_DelayElapsedCallback)
    HAL_TIM_PWM_ConfigChannel                0x080026cf   Thumb Code   204  stm32f1xx_hal_tim.o(i.HAL_TIM_PWM_ConfigChannel)
    HAL_TIM_PWM_Init                         0x0800279b   Thumb Code    90  stm32f1xx_hal_tim.o(i.HAL_TIM_PWM_Init)
    HAL_TIM_PWM_MspInit                      0x080027f5   Thumb Code    30  tim.o(i.HAL_TIM_PWM_MspInit)
    HAL_TIM_PWM_PulseFinishedCallback        0x0800281d   Thumb Code     2  stm32f1xx_hal_tim.o(i.HAL_TIM_PWM_PulseFinishedCallback)
    HAL_TIM_PWM_Start                        0x08002821   Thumb Code   144  stm32f1xx_hal_tim.o(i.HAL_TIM_PWM_Start)
    HAL_TIM_PeriodElapsedCallback            0x080028bd   Thumb Code    14  main.o(i.HAL_TIM_PeriodElapsedCallback)
    HAL_TIM_TriggerCallback                  0x080028d1   Thumb Code     2  stm32f1xx_hal_tim.o(i.HAL_TIM_TriggerCallback)
    HAL_UARTEx_RxEventCallback               0x080028d3   Thumb Code     2  stm32f1xx_hal_uart.o(i.HAL_UARTEx_RxEventCallback)
    HAL_UART_ErrorCallback                   0x080028d5   Thumb Code     2  stm32f1xx_hal_uart.o(i.HAL_UART_ErrorCallback)
    HAL_UART_IRQHandler                      0x080028d9   Thumb Code   616  stm32f1xx_hal_uart.o(i.HAL_UART_IRQHandler)
    HAL_UART_Init                            0x08002b45   Thumb Code   100  stm32f1xx_hal_uart.o(i.HAL_UART_Init)
    HAL_UART_MspInit                         0x08002ba9   Thumb Code   116  usart.o(i.HAL_UART_MspInit)
    HAL_UART_RxCpltCallback                  0x08002c29   Thumb Code     2  stm32f1xx_hal_uart.o(i.HAL_UART_RxCpltCallback)
    HAL_UART_Transmit                        0x08002c2b   Thumb Code   160  stm32f1xx_hal_uart.o(i.HAL_UART_Transmit)
    HAL_UART_TxCpltCallback                  0x08002ccb   Thumb Code     2  stm32f1xx_hal_uart.o(i.HAL_UART_TxCpltCallback)
    HardFault_Handler                        0x08002ccd   Thumb Code     2  stm32f1xx_it.o(i.HardFault_Handler)
    I2C1_ER_IRQHandler                       0x08002cd1   Thumb Code     6  stm32f1xx_it.o(i.I2C1_ER_IRQHandler)
    I2C1_EV_IRQHandler                       0x08002cdd   Thumb Code     6  stm32f1xx_it.o(i.I2C1_EV_IRQHandler)
    JTAG_Set                                 0x08003b15   Thumb Code    30  freertos.o(i.JTAG_Set)
    KF_X                                     0x08003b3d   Thumb Code   588  kf.o(i.KF_X)
    KF_Y                                     0x08003d95   Thumb Code   594  kf.o(i.KF_Y)
    MX_FREERTOS_Init                         0x08003ff5   Thumb Code    46  freertos.o(i.MX_FREERTOS_Init)
    MX_GPIO_Init                             0x08004031   Thumb Code   282  gpio.o(i.MX_GPIO_Init)
    MX_I2C1_Init                             0x08004161   Thumb Code    50  i2c.o(i.MX_I2C1_Init)
    MX_TIM1_Init                             0x080041a1   Thumb Code   168  tim.o(i.MX_TIM1_Init)
    MX_TIM2_Init                             0x08004251   Thumb Code   102  tim.o(i.MX_TIM2_Init)
    MX_TIM4_Init                             0x080042bd   Thumb Code    98  tim.o(i.MX_TIM4_Init)
    MX_USART1_UART_Init                      0x08004329   Thumb Code    48  usart.o(i.MX_USART1_UART_Init)
    MemManage_Handler                        0x08004361   Thumb Code     2  stm32f1xx_it.o(i.MemManage_Handler)
    NMI_Handler                              0x08004363   Thumb Code     2  stm32f1xx_it.o(i.NMI_Handler)
    OLED_Refresh_Gram_Safe                   0x08004419   Thumb Code    38  oled.o(i.OLED_Refresh_Gram_Safe)
    OLED_ShowNumber_Safe                     0x08004555   Thumb Code    64  oled.o(i.OLED_ShowNumber_Safe)
    OLED_ShowString_Safe                     0x08004599   Thumb Code   102  oled.o(i.OLED_ShowString_Safe)
    PS2_SetInit                              0x08004811   Thumb Code   384  ps2.o(i.PS2_SetInit)
    Read_Encoder                             0x08004a8d   Thumb Code    44  motor_ctrl.o(i.Read_Encoder)
    Set_Pwm                                  0x08004ac1   Thumb Code   116  motor_ctrl.o(i.Set_Pwm)
    StartDefaultTask                         0x08004b3d   Thumb Code    74  freertos.o(i.StartDefaultTask)
    SysTick_Handler                          0x08004bfd   Thumb Code    26  cmsis_os2.o(i.SysTick_Handler)
    SystemClock_Config                       0x08004c17   Thumb Code    94  main.o(i.SystemClock_Config)
    SystemInit                               0x08004c75   Thumb Code     2  system_stm32f1xx.o(i.SystemInit)
    TIM3_IRQHandler                          0x08004c79   Thumb Code     6  stm32f1xx_it.o(i.TIM3_IRQHandler)
    TIM_Base_SetConfig                       0x08004c85   Thumb Code   108  stm32f1xx_hal_tim.o(i.TIM_Base_SetConfig)
    TIM_CCxChannelCmd                        0x08004cfd   Thumb Code    26  stm32f1xx_hal_tim.o(i.TIM_CCxChannelCmd)
    TIM_OC2_SetConfig                        0x08004d69   Thumb Code    84  stm32f1xx_hal_tim.o(i.TIM_OC2_SetConfig)
    USART1_IRQHandler                        0x080050a9   Thumb Code     6  stm32f1xx_it.o(i.USART1_IRQHandler)
    UsageFault_Handler                       0x080050b5   Thumb Code     2  stm32f1xx_it.o(i.UsageFault_Handler)
    __0printf$4                              0x080050b9   Thumb Code    22  printf4.o(i.__0printf$4)
    __1printf$4                              0x080050b9   Thumb Code     0  printf4.o(i.__0printf$4)
    __2printf                                0x080050b9   Thumb Code     0  printf4.o(i.__0printf$4)
    __ARM_fpclassify                         0x080050d9   Thumb Code    40  fpclassify.o(i.__ARM_fpclassify)
    __kernel_poly                            0x08005121   Thumb Code   170  poly.o(i.__kernel_poly)
    __mathlib_dbl_infnan                     0x080051cb   Thumb Code     6  dunder.o(i.__mathlib_dbl_infnan)
    __mathlib_dbl_infnan2                    0x080051d1   Thumb Code     4  dunder.o(i.__mathlib_dbl_infnan2)
    __mathlib_dbl_underflow                  0x080051d5   Thumb Code    10  dunder.o(i.__mathlib_dbl_underflow)
    __scatterload_copy                       0x080051e5   Thumb Code    14  handlers.o(i.__scatterload_copy)
    __scatterload_null                       0x080051f3   Thumb Code     2  handlers.o(i.__scatterload_null)
    __scatterload_zeroinit                   0x080051f5   Thumb Code    14  handlers.o(i.__scatterload_zeroinit)
    __set_errno                              0x08005205   Thumb Code     6  errno.o(i.__set_errno)
    atan                                     0x080054bd   Thumb Code   474  atan.o(i.atan)
    atan2                                    0x080056dd   Thumb Code   374  atan2.o(i.atan2)
    delay_us                                 0x0800592d   Thumb Code    52  delay_us.o(i.delay_us)
    delay_us_1                               0x08005965   Thumb Code    18  ps2.o(i.delay_us_1)
    dmp_enable_6x_lp_quat                    0x08005977   Thumb Code    58  inv_mpu_dmp_motion_driver.o(i.dmp_enable_6x_lp_quat)
    dmp_enable_feature                       0x080059b1   Thumb Code   464  inv_mpu_dmp_motion_driver.o(i.dmp_enable_feature)
    dmp_enable_gyro_cal                      0x08005b89   Thumb Code    34  inv_mpu_dmp_motion_driver.o(i.dmp_enable_gyro_cal)
    dmp_enable_lp_quat                       0x08005bc5   Thumb Code    58  inv_mpu_dmp_motion_driver.o(i.dmp_enable_lp_quat)
    dmp_load_motion_driver_firmware          0x08005c01   Thumb Code    16  inv_mpu_dmp_motion_driver.o(i.dmp_load_motion_driver_firmware)
    dmp_set_accel_bias                       0x08005c15   Thumb Code   210  inv_mpu_dmp_motion_driver.o(i.dmp_set_accel_bias)
    dmp_set_fifo_rate                        0x08005ced   Thumb Code    82  inv_mpu_dmp_motion_driver.o(i.dmp_set_fifo_rate)
    dmp_set_gyro_bias                        0x08005d51   Thumb Code   196  inv_mpu_dmp_motion_driver.o(i.dmp_set_gyro_bias)
    dmp_set_orientation                      0x08005e1d   Thumb Code   246  inv_mpu_dmp_motion_driver.o(i.dmp_set_orientation)
    dmp_set_shake_reject_thresh              0x08005f29   Thumb Code    48  inv_mpu_dmp_motion_driver.o(i.dmp_set_shake_reject_thresh)
    dmp_set_shake_reject_time                0x08005f59   Thumb Code    32  inv_mpu_dmp_motion_driver.o(i.dmp_set_shake_reject_time)
    dmp_set_shake_reject_timeout             0x08005f79   Thumb Code    32  inv_mpu_dmp_motion_driver.o(i.dmp_set_shake_reject_timeout)
    dmp_set_tap_axes                         0x08005f99   Thumb Code    64  inv_mpu_dmp_motion_driver.o(i.dmp_set_tap_axes)
    dmp_set_tap_count                        0x08005fd9   Thumb Code    34  inv_mpu_dmp_motion_driver.o(i.dmp_set_tap_count)
    dmp_set_tap_thresh                       0x08005ffd   Thumb Code   274  inv_mpu_dmp_motion_driver.o(i.dmp_set_tap_thresh)
    dmp_set_tap_time                         0x08006125   Thumb Code    32  inv_mpu_dmp_motion_driver.o(i.dmp_set_tap_time)
    dmp_set_tap_time_multi                   0x08006145   Thumb Code    32  inv_mpu_dmp_motion_driver.o(i.dmp_set_tap_time_multi)
    fputc                                    0x08006165   Thumb Code    20  isr_app.o(i.fputc)
    iic_read                                 0x08006611   Thumb Code    76  io_iic.o(i.iic_read)
    iic_write                                0x08006665   Thumb Code    70  io_iic.o(i.iic_write)
    iic_write_bit                            0x080066b5   Thumb Code    74  io_iic.o(i.iic_write_bit)
    iic_write_bits                           0x080066ff   Thumb Code    86  io_iic.o(i.iic_write_bits)
    io_iic_init                              0x0800679d   Thumb Code    38  io_iic.o(i.io_iic_init)
    isr_app_init                             0x08006831   Thumb Code    92  isr_app.o(i.isr_app_init)
    jspool_find                              0x080069ad   Thumb Code    64  jspool.o(i.jspool_find)
    jspool_init                              0x08006a49   Thumb Code    70  jspool.o(i.jspool_init)
    jspool_read                              0x08006ae9   Thumb Code   124  jspool.o(i.jspool_read)
    jspool_register                          0x08006b89   Thumb Code   296  jspool.o(i.jspool_register)
    jspool_write                             0x08006db1   Thumb Code   126  jspool.o(i.jspool_write)
    main                                     0x08006e55   Thumb Code    46  main.o(i.main)
    motor_tim_init                           0x08006e85   Thumb Code    56  motor_ctrl.o(i.motor_tim_init)
    mpu6050_get_euler_angle                  0x08006ecd   Thumb Code   352  mpu6050.o(i.mpu6050_get_euler_angle)
    mpu6050_init                             0x08007049   Thumb Code    94  mpu6050.o(i.mpu6050_init)
    mpu_configure_fifo                       0x080070a9   Thumb Code    78  inv_mpu.o(i.mpu_configure_fifo)
    mpu_get_accel_fsr                        0x080070fd   Thumb Code    54  inv_mpu.o(i.mpu_get_accel_fsr)
    mpu_get_accel_sens                       0x08007139   Thumb Code    62  inv_mpu.o(i.mpu_get_accel_sens)
    mpu_get_gyro_fsr                         0x0800717d   Thumb Code    48  inv_mpu.o(i.mpu_get_gyro_fsr)
    mpu_get_gyro_sens                        0x080071b1   Thumb Code    44  inv_mpu.o(i.mpu_get_gyro_sens)
    mpu_get_lpf                              0x080071f1   Thumb Code    52  inv_mpu.o(i.mpu_get_lpf)
    mpu_get_sample_rate                      0x08007229   Thumb Code    22  inv_mpu.o(i.mpu_get_sample_rate)
    mpu_init                                 0x08007245   Thumb Code   310  inv_mpu.o(i.mpu_init)
    mpu_load_firmware                        0x080073cd   Thumb Code   154  inv_mpu.o(i.mpu_load_firmware)
    mpu_lp_accel_mode                        0x0800746d   Thumb Code   178  inv_mpu.o(i.mpu_lp_accel_mode)
    mpu_read_mem                             0x08007525   Thumb Code    80  inv_mpu.o(i.mpu_read_mem)
    mpu_reset_fifo                           0x08007579   Thumb Code   330  inv_mpu.o(i.mpu_reset_fifo)
    mpu_run_self_test                        0x080076c9   Thumb Code   234  inv_mpu.o(i.mpu_run_self_test)
    mpu_set_accel_fsr                        0x080077b9   Thumb Code    98  inv_mpu.o(i.mpu_set_accel_fsr)
    mpu_set_bypass                           0x08007821   Thumb Code   214  inv_mpu.o(i.mpu_set_bypass)
    mpu_set_dmp_state                        0x080078fd   Thumb Code   114  inv_mpu.o(i.mpu_set_dmp_state)
    mpu_set_gyro_fsr                         0x08007975   Thumb Code   104  inv_mpu.o(i.mpu_set_gyro_fsr)
    mpu_set_int_latched                      0x080079e1   Thumb Code    94  inv_mpu.o(i.mpu_set_int_latched)
    mpu_set_lpf                              0x08007a45   Thumb Code   102  inv_mpu.o(i.mpu_set_lpf)
    mpu_set_sample_rate                      0x08007ab1   Thumb Code   124  inv_mpu.o(i.mpu_set_sample_rate)
    mpu_set_sensors                          0x08007b31   Thumb Code   178  inv_mpu.o(i.mpu_set_sensors)
    mpu_write_mem                            0x08007be9   Thumb Code    80  inv_mpu.o(i.mpu_write_mem)
    mul                                      0x08007c3d   Thumb Code   112  kf.o(i.mul)
    oled_driver_Init                         0x08007cad   Thumb Code   238  oled.o(i.oled_driver_Init)
    oled_module_init                         0x08007da1   Thumb Code    82  oled.o(i.oled_module_init)
    osDelay                                  0x0800809d   Thumb Code    26  cmsis_os2.o(i.osDelay)
    osKernelInitialize                       0x080080b9   Thumb Code    32  cmsis_os2.o(i.osKernelInitialize)
    osKernelStart                            0x080080dd   Thumb Code    48  cmsis_os2.o(i.osKernelStart)
    osThreadNew                              0x08008115   Thumb Code   138  cmsis_os2.o(i.osThreadNew)
    pvPortMalloc                             0x0800894d   Thumb Code   216  heap_4.o(i.pvPortMalloc)
    pvTaskIncrementMutexHeldCount            0x08008a29   Thumb Code    18  tasks.o(i.pvTaskIncrementMutexHeldCount)
    pxPortInitialiseStack                    0x08008a41   Thumb Code    32  port.o(i.pxPortInitialiseStack)
    uxListRemove                             0x08008b89   Thumb Code    38  list.o(i.uxListRemove)
    vApplicationGetIdleTaskMemory            0x08008bb1   Thumb Code    16  cmsis_os2.o(i.vApplicationGetIdleTaskMemory)
    vApplicationGetTimerTaskMemory           0x08008bc5   Thumb Code    18  cmsis_os2.o(i.vApplicationGetTimerTaskMemory)
    vListInitialise                          0x08008bdd   Thumb Code    22  list.o(i.vListInitialise)
    vListInitialiseItem                      0x08008bf3   Thumb Code     6  list.o(i.vListInitialiseItem)
    vListInsert                              0x08008bf9   Thumb Code    48  list.o(i.vListInsert)
    vListInsertEnd                           0x08008c29   Thumb Code    24  list.o(i.vListInsertEnd)
    vPortEnterCritical                       0x08008d11   Thumb Code    54  port.o(i.vPortEnterCritical)
    vPortExitCritical                        0x08008d51   Thumb Code    34  port.o(i.vPortExitCritical)
    vPortFree                                0x08008d79   Thumb Code    94  heap_4.o(i.vPortFree)
    vPortSetupTimerInterrupt                 0x08008ddd   Thumb Code    32  port.o(i.vPortSetupTimerInterrupt)
    vPortValidateInterruptPriority           0x08008e01   Thumb Code    74  port.o(i.vPortValidateInterruptPriority)
    vQueueAddToRegistry                      0x08008e55   Thumb Code    34  queue.o(i.vQueueAddToRegistry)
    vQueueWaitForMessageRestricted           0x08008e7d   Thumb Code    68  queue.o(i.vQueueWaitForMessageRestricted)
    vTaskDelay                               0x08008ec1   Thumb Code    66  tasks.o(i.vTaskDelay)
    vTaskDelayUntil                          0x08008f0d   Thumb Code   132  tasks.o(i.vTaskDelayUntil)
    vTaskInternalSetTimeOutState             0x08008f99   Thumb Code    12  tasks.o(i.vTaskInternalSetTimeOutState)
    vTaskMissedYield                         0x08008fa9   Thumb Code     8  tasks.o(i.vTaskMissedYield)
    vTaskPlaceOnEventList                    0x08008fb5   Thumb Code    44  tasks.o(i.vTaskPlaceOnEventList)
    vTaskPlaceOnEventListRestricted          0x08008fe5   Thumb Code    52  tasks.o(i.vTaskPlaceOnEventListRestricted)
    vTaskPriorityDisinheritAfterTimeout      0x0800901d   Thumb Code   134  tasks.o(i.vTaskPriorityDisinheritAfterTimeout)
    vTaskStartScheduler                      0x080090ad   Thumb Code   118  tasks.o(i.vTaskStartScheduler)
    vTaskSuspendAll                          0x08009135   Thumb Code    10  tasks.o(i.vTaskSuspendAll)
    vTaskSwitchContext                       0x08009145   Thumb Code    90  tasks.o(i.vTaskSwitchContext)
    xPortStartScheduler                      0x080091a9   Thumb Code   154  port.o(i.xPortStartScheduler)
    xPortSysTickHandler                      0x08009251   Thumb Code    38  port.o(i.xPortSysTickHandler)
    xQueueCreateMutex                        0x0800927d   Thumb Code    22  queue.o(i.xQueueCreateMutex)
    xQueueGenericCreate                      0x08009293   Thumb Code    66  queue.o(i.xQueueGenericCreate)
    xQueueGenericCreateStatic                0x080092d5   Thumb Code   102  queue.o(i.xQueueGenericCreateStatic)
    xQueueGenericReset                       0x0800933d   Thumb Code   132  queue.o(i.xQueueGenericReset)
    xQueueGenericSend                        0x080093c5   Thumb Code   346  queue.o(i.xQueueGenericSend)
    xQueueGenericSendFromISR                 0x08009525   Thumb Code   190  queue.o(i.xQueueGenericSendFromISR)
    xQueueGiveFromISR                        0x080095e3   Thumb Code   156  queue.o(i.xQueueGiveFromISR)
    xQueueReceive                            0x08009681   Thumb Code   308  queue.o(i.xQueueReceive)
    xQueueSemaphoreTake                      0x080097b9   Thumb Code   372  queue.o(i.xQueueSemaphoreTake)
    xTaskCheckForTimeOut                     0x08009931   Thumb Code   112  tasks.o(i.xTaskCheckForTimeOut)
    xTaskCreate                              0x080099a5   Thumb Code    90  tasks.o(i.xTaskCreate)
    xTaskCreateStatic                        0x080099ff   Thumb Code    86  tasks.o(i.xTaskCreateStatic)
    xTaskGetSchedulerState                   0x08009a55   Thumb Code    22  tasks.o(i.xTaskGetSchedulerState)
    xTaskGetTickCount                        0x08009a71   Thumb Code     6  tasks.o(i.xTaskGetTickCount)
    xTaskIncrementTick                       0x08009a7d   Thumb Code   192  tasks.o(i.xTaskIncrementTick)
    xTaskPriorityDisinherit                  0x08009b45   Thumb Code   118  tasks.o(i.xTaskPriorityDisinherit)
    xTaskPriorityInherit                     0x08009bc5   Thumb Code   112  tasks.o(i.xTaskPriorityInherit)
    xTaskRemoveFromEventList                 0x08009c3d   Thumb Code    98  tasks.o(i.xTaskRemoveFromEventList)
    xTaskResumeAll                           0x08009cad   Thumb Code   182  tasks.o(i.xTaskResumeAll)
    xTimerCreateTimerTask                    0x08009d71   Thumb Code    78  timers.o(i.xTimerCreateTimerTask)
    xTimerGenericCommand                     0x08009dd1   Thumb Code    98  timers.o(i.xTimerGenericCommand)
    defaultTask_attributes                   0x08009e38   Data          36  freertos.o(.constdata)
    AHBPrescTable                            0x08009e7f   Data          16  system_stm32f1xx.o(.constdata)
    APBPrescTable                            0x08009e8f   Data           8  system_stm32f1xx.o(.constdata)
    hw                                       0x08009ea4   Data          12  inv_mpu.o(.constdata)
    reg                                      0x08009eb0   Data          27  inv_mpu.o(.constdata)
    test                                     0x08009ecc   Data          40  inv_mpu.o(.constdata)
    oled_asc2_1206                           0x0800abb0   Data        1140  oled.o(.constdata)
    oled_asc2_1608                           0x0800b024   Data        1520  oled.o(.constdata)
    __mathlib_zero                           0x0800b7d0   Data           8  qnan.o(.constdata)
    Region$$Table$$Base                      0x0800b834   Number         0  anon$$obj.o(Region$$Table)
    Region$$Table$$Limit                     0x0800b854   Number         0  anon$$obj.o(Region$$Table)
    defaultTaskHandle                        0x20000000   Data           4  freertos.o(.data)
    uwTickFreq                               0x20000004   Data           1  stm32f1xx_hal.o(.data)
    uwTickPrio                               0x20000008   Data           4  stm32f1xx_hal.o(.data)
    uwTick                                   0x2000000c   Data           4  stm32f1xx_hal.o(.data)
    SystemCoreClock                          0x20000010   Data           4  system_stm32f1xx.o(.data)
    pxCurrentTCB                             0x20000014   Data           4  tasks.o(.data)
    __stdout                                 0x20000178   Data           4  stdout.o(.data)
    hi2c1                                    0x20000180   Data          84  i2c.o(.bss)
    htim1                                    0x200001d4   Data          72  tim.o(.bss)
    htim2                                    0x2000021c   Data          72  tim.o(.bss)
    htim4                                    0x20000264   Data          72  tim.o(.bss)
    huart1                                   0x200002ac   Data          72  usart.o(.bss)
    htim3                                    0x200002f4   Data          72  stm32f1xx_hal_timebase_tim.o(.bss)
    xQueueRegistry                           0x2000033c   Data          64  queue.o(.bss)
    encoder_data                             0x20004058   Data          48  motor_ctrl.o(.bss)
    __initial_sp                             0x200048b8   Data           0  startup_stm32f103xb.o(STACK)



==============================================================================

Memory Map of the image

  Image Entry point : 0x080000ed

  Load Region LR_IROM1 (Base: 0x08000000, Size: 0x0000b9d4, Max: 0x00010000, ABSOLUTE, COMPRESSED[0x0000b894])

    Execution Region ER_IROM1 (Exec base: 0x08000000, Load base: 0x08000000, Size: 0x0000b854, Max: 0x00010000, ABSOLUTE)

    Exec Addr    Load Addr    Size         Type   Attr      Idx    E Section Name        Object

    0x08000000   0x08000000   0x000000ec   Data   RO            3    RESET               startup_stm32f103xb.o
    0x080000ec   0x080000ec   0x00000000   Code   RO         6295  * .ARM.Collect$$$$00000000  mc_w.l(entry.o)
    0x080000ec   0x080000ec   0x00000004   Code   RO         6632    .ARM.Collect$$$$00000001  mc_w.l(entry2.o)
    0x080000f0   0x080000f0   0x00000004   Code   RO         6635    .ARM.Collect$$$$00000004  mc_w.l(entry5.o)
    0x080000f4   0x080000f4   0x00000000   Code   RO         6637    .ARM.Collect$$$$00000008  mc_w.l(entry7b.o)
    0x080000f4   0x080000f4   0x00000000   Code   RO         6639    .ARM.Collect$$$$0000000A  mc_w.l(entry8b.o)
    0x080000f4   0x080000f4   0x00000008   Code   RO         6640    .ARM.Collect$$$$0000000B  mc_w.l(entry9a.o)
    0x080000fc   0x080000fc   0x00000004   Code   RO         6647    .ARM.Collect$$$$0000000E  mc_w.l(entry12b.o)
    0x08000100   0x08000100   0x00000000   Code   RO         6642    .ARM.Collect$$$$0000000F  mc_w.l(entry10a.o)
    0x08000100   0x08000100   0x00000000   Code   RO         6644    .ARM.Collect$$$$00000011  mc_w.l(entry11a.o)
    0x08000100   0x08000100   0x00000004   Code   RO         6633    .ARM.Collect$$$$00002712  mc_w.l(entry2.o)
    0x08000104   0x08000104   0x00000096   Code   RO         5095    .emb_text           port.o
    0x0800019a   0x0800019a   0x00000002   PAD
    0x0800019c   0x0800019c   0x00000024   Code   RO            4    .text               startup_stm32f103xb.o
    0x080001c0   0x080001c0   0x00000062   Code   RO         6298    .text               mc_w.l(ldiv.o)
    0x08000222   0x08000222   0x00000020   Code   RO         6300    .text               mc_w.l(llushr.o)
    0x08000242   0x08000242   0x00000024   Code   RO         6302    .text               mc_w.l(memcpya.o)
    0x08000266   0x08000266   0x00000024   Code   RO         6306    .text               mc_w.l(memseta.o)
    0x0800028a   0x0800028a   0x00000018   Code   RO         6308    .text               mc_w.l(strncpy.o)
    0x080002a2   0x080002a2   0x0000001c   Code   RO         6310    .text               mc_w.l(strcmp.o)
    0x080002be   0x080002be   0x0000001a   Code   RO         6312    .text               mc_w.l(memcmp.o)
    0x080002d8   0x080002d8   0x000000b0   Code   RO         6577    .text               mf_w.l(fadd.o)
    0x08000388   0x08000388   0x00000064   Code   RO         6579    .text               mf_w.l(fmul.o)
    0x080003ec   0x080003ec   0x0000007c   Code   RO         6581    .text               mf_w.l(fdiv.o)
    0x08000468   0x08000468   0x00000018   Code   RO         6583    .text               mf_w.l(fscalb.o)
    0x08000480   0x08000480   0x000000e4   Code   RO         6585    .text               mf_w.l(dmul.o)
    0x08000564   0x08000564   0x000000de   Code   RO         6587    .text               mf_w.l(ddiv.o)
    0x08000642   0x08000642   0x00000012   Code   RO         6589    .text               mf_w.l(fflti.o)
    0x08000654   0x08000654   0x0000000a   Code   RO         6591    .text               mf_w.l(ffltui.o)
    0x0800065e   0x0800065e   0x00000022   Code   RO         6593    .text               mf_w.l(dflti.o)
    0x08000680   0x08000680   0x00000032   Code   RO         6597    .text               mf_w.l(ffixi.o)
    0x080006b2   0x080006b2   0x00000028   Code   RO         6599    .text               mf_w.l(ffixui.o)
    0x080006da   0x080006da   0x00000026   Code   RO         6603    .text               mf_w.l(f2d.o)
    0x08000700   0x08000700   0x00000038   Code   RO         6605    .text               mf_w.l(d2f.o)
    0x08000738   0x08000738   0x00000062   Code   RO         6651    .text               mc_w.l(uldiv.o)
    0x0800079a   0x0800079a   0x00000000   Code   RO         6660    .text               mc_w.l(iusefp.o)
    0x0800079a   0x0800079a   0x0000006e   Code   RO         6661    .text               mf_w.l(fepilogue.o)
    0x08000808   0x08000808   0x000000ba   Code   RO         6663    .text               mf_w.l(depilogue.o)
    0x080008c2   0x080008c2   0x0000014e   Code   RO         6665    .text               mf_w.l(dadd.o)
    0x08000a10   0x08000a10   0x00000030   Code   RO         6669    .text               mf_w.l(cdcmple.o)
    0x08000a40   0x08000a40   0x00000024   Code   RO         6677    .text               mc_w.l(init.o)
    0x08000a64   0x08000a64   0x0000001e   Code   RO         6679    .text               mc_w.l(llshl.o)
    0x08000a82   0x08000a82   0x00000024   Code   RO         6681    .text               mc_w.l(llsshr.o)
    0x08000aa6   0x08000aa6   0x0000002e   Code   RO         6683    .text               mf_w.l(dscalb.o)
    0x08000ad4   0x08000ad4   0x00000056   Code   RO         6693    .text               mc_w.l(__dczerorl2.o)
    0x08000b2a   0x08000b2a   0x00000002   PAD
    0x08000b2c   0x08000b2c   0x0000003c   Code   RO         5797    i.Balance           isr_app.o
    0x08000b68   0x08000b68   0x00000002   Code   RO          448    i.BusFault_Handler  stm32f1xx_it.o
    0x08000b6a   0x08000b6a   0x00000002   PAD
    0x08000b6c   0x08000b6c   0x00000348   Code   RO         5232    i.DMP_init          mpu6050.o
    0x08000eb4   0x08000eb4   0x00000002   Code   RO          449    i.DebugMon_Handler  stm32f1xx_it.o
    0x08000eb6   0x08000eb6   0x00000008   Code   RO          450    i.EXTI15_10_IRQHandler  stm32f1xx_it.o
    0x08000ebe   0x08000ebe   0x00000004   Code   RO           13    i.Error_Handler     main.o
    0x08000ec2   0x08000ec2   0x00000002   PAD
    0x08000ec4   0x08000ec4   0x0000008c   Code   RO         5798    i.Get_Velocity_Form_Encoder  isr_app.o
    0x08000f50   0x08000f50   0x00000046   Code   RO         1989    i.HAL_DMA_Abort     stm32f1xx_hal_dma.o
    0x08000f96   0x08000f96   0x00000002   PAD
    0x08000f98   0x08000f98   0x00000098   Code   RO         1990    i.HAL_DMA_Abort_IT  stm32f1xx_hal_dma.o
    0x08001030   0x08001030   0x00000006   Code   RO         1993    i.HAL_DMA_GetState  stm32f1xx_hal_dma.o
    0x08001036   0x08001036   0x00000002   PAD
    0x08001038   0x08001038   0x00000024   Code   RO         1615    i.HAL_Delay         stm32f1xx_hal.o
    0x0800105c   0x0800105c   0x0000003c   Code   RO         5799    i.HAL_GPIO_EXTI_Callback  isr_app.o
    0x08001098   0x08001098   0x00000018   Code   RO         1924    i.HAL_GPIO_EXTI_IRQHandler  stm32f1xx_hal_gpio.o
    0x080010b0   0x080010b0   0x000001e0   Code   RO         1925    i.HAL_GPIO_Init     stm32f1xx_hal_gpio.o
    0x08001290   0x08001290   0x0000000a   Code   RO         1927    i.HAL_GPIO_ReadPin  stm32f1xx_hal_gpio.o
    0x0800129a   0x0800129a   0x00000010   Code   RO         1928    i.HAL_GPIO_TogglePin  stm32f1xx_hal_gpio.o
    0x080012aa   0x080012aa   0x0000000a   Code   RO         1929    i.HAL_GPIO_WritePin  stm32f1xx_hal_gpio.o
    0x080012b4   0x080012b4   0x0000000c   Code   RO         1619    i.HAL_GetTick       stm32f1xx_hal.o
    0x080012c0   0x080012c0   0x00000002   Code   RO         2585    i.HAL_I2C_AbortCpltCallback  stm32f1xx_hal_i2c.o
    0x080012c2   0x080012c2   0x00000002   Code   RO         2586    i.HAL_I2C_AddrCallback  stm32f1xx_hal_i2c.o
    0x080012c4   0x080012c4   0x000000c4   Code   RO         2589    i.HAL_I2C_ER_IRQHandler  stm32f1xx_hal_i2c.o
    0x08001388   0x08001388   0x00000230   Code   RO         2590    i.HAL_I2C_EV_IRQHandler  stm32f1xx_hal_i2c.o
    0x080015b8   0x080015b8   0x00000002   Code   RO         2592    i.HAL_I2C_ErrorCallback  stm32f1xx_hal_i2c.o
    0x080015ba   0x080015ba   0x00000002   PAD
    0x080015bc   0x080015bc   0x00000188   Code   RO         2596    i.HAL_I2C_Init      stm32f1xx_hal_i2c.o
    0x08001744   0x08001744   0x00000002   Code   RO         2598    i.HAL_I2C_ListenCpltCallback  stm32f1xx_hal_i2c.o
    0x08001746   0x08001746   0x00000002   Code   RO         2599    i.HAL_I2C_MasterRxCpltCallback  stm32f1xx_hal_i2c.o
    0x08001748   0x08001748   0x00000002   Code   RO         2600    i.HAL_I2C_MasterTxCpltCallback  stm32f1xx_hal_i2c.o
    0x0800174a   0x0800174a   0x00000002   Code   RO         2612    i.HAL_I2C_MemRxCpltCallback  stm32f1xx_hal_i2c.o
    0x0800174c   0x0800174c   0x00000002   Code   RO         2613    i.HAL_I2C_MemTxCpltCallback  stm32f1xx_hal_i2c.o
    0x0800174e   0x0800174e   0x00000002   PAD
    0x08001750   0x08001750   0x0000025c   Code   RO         2614    i.HAL_I2C_Mem_Read  stm32f1xx_hal_i2c.o
    0x080019ac   0x080019ac   0x00000130   Code   RO         2617    i.HAL_I2C_Mem_Write  stm32f1xx_hal_i2c.o
    0x08001adc   0x08001adc   0x00000090   Code   RO          293    i.HAL_I2C_MspInit   i2c.o
    0x08001b6c   0x08001b6c   0x00000002   Code   RO         2622    i.HAL_I2C_SlaveRxCpltCallback  stm32f1xx_hal_i2c.o
    0x08001b6e   0x08001b6e   0x00000002   Code   RO         2623    i.HAL_I2C_SlaveTxCpltCallback  stm32f1xx_hal_i2c.o
    0x08001b70   0x08001b70   0x00000010   Code   RO         1625    i.HAL_IncTick       stm32f1xx_hal.o
    0x08001b80   0x08001b80   0x00000024   Code   RO         1626    i.HAL_Init          stm32f1xx_hal.o
    0x08001ba4   0x08001ba4   0x00000098   Code   RO          560    i.HAL_InitTick      stm32f1xx_hal_timebase_tim.o
    0x08001c3c   0x08001c3c   0x00000048   Code   RO          536    i.HAL_MspInit       stm32f1xx_hal_msp.o
    0x08001c84   0x08001c84   0x0000001a   Code   RO         2085    i.HAL_NVIC_EnableIRQ  stm32f1xx_hal_cortex.o
    0x08001c9e   0x08001c9e   0x00000002   PAD
    0x08001ca0   0x08001ca0   0x00000040   Code   RO         2091    i.HAL_NVIC_SetPriority  stm32f1xx_hal_cortex.o
    0x08001ce0   0x08001ce0   0x00000024   Code   RO         2092    i.HAL_NVIC_SetPriorityGrouping  stm32f1xx_hal_cortex.o
    0x08001d04   0x08001d04   0x0000012c   Code   RO         1783    i.HAL_RCC_ClockConfig  stm32f1xx_hal_rcc.o
    0x08001e30   0x08001e30   0x00000040   Code   RO         1787    i.HAL_RCC_GetClockConfig  stm32f1xx_hal_rcc.o
    0x08001e70   0x08001e70   0x00000020   Code   RO         1790    i.HAL_RCC_GetPCLK1Freq  stm32f1xx_hal_rcc.o
    0x08001e90   0x08001e90   0x00000020   Code   RO         1791    i.HAL_RCC_GetPCLK2Freq  stm32f1xx_hal_rcc.o
    0x08001eb0   0x08001eb0   0x0000004c   Code   RO         1792    i.HAL_RCC_GetSysClockFreq  stm32f1xx_hal_rcc.o
    0x08001efc   0x08001efc   0x00000320   Code   RO         1795    i.HAL_RCC_OscConfig  stm32f1xx_hal_rcc.o
    0x0800221c   0x0800221c   0x00000002   Code   RO         1341    i.HAL_TIMEx_BreakCallback  stm32f1xx_hal_tim_ex.o
    0x0800221e   0x0800221e   0x00000002   Code   RO         1342    i.HAL_TIMEx_CommutCallback  stm32f1xx_hal_tim_ex.o
    0x08002220   0x08002220   0x00000054   Code   RO         1344    i.HAL_TIMEx_ConfigBreakDeadTime  stm32f1xx_hal_tim_ex.o
    0x08002274   0x08002274   0x00000068   Code   RO         1360    i.HAL_TIMEx_MasterConfigSynchronization  stm32f1xx_hal_tim_ex.o
    0x080022dc   0x080022dc   0x0000005a   Code   RO          637    i.HAL_TIM_Base_Init  stm32f1xx_hal_tim.o
    0x08002336   0x08002336   0x00000002   Code   RO          639    i.HAL_TIM_Base_MspInit  stm32f1xx_hal_tim.o
    0x08002338   0x08002338   0x00000058   Code   RO          642    i.HAL_TIM_Base_Start_IT  stm32f1xx_hal_tim.o
    0x08002390   0x08002390   0x000000a4   Code   RO          658    i.HAL_TIM_Encoder_Init  stm32f1xx_hal_tim.o
    0x08002434   0x08002434   0x0000008c   Code   RO          335    i.HAL_TIM_Encoder_MspInit  tim.o
    0x080024c0   0x080024c0   0x0000008e   Code   RO          661    i.HAL_TIM_Encoder_Start  stm32f1xx_hal_tim.o
    0x0800254e   0x0800254e   0x00000002   Code   RO          671    i.HAL_TIM_IC_CaptureCallback  stm32f1xx_hal_tim.o
    0x08002550   0x08002550   0x00000130   Code   RO          685    i.HAL_TIM_IRQHandler  stm32f1xx_hal_tim.o
    0x08002680   0x08002680   0x0000004c   Code   RO          336    i.HAL_TIM_MspPostInit  tim.o
    0x080026cc   0x080026cc   0x00000002   Code   RO          688    i.HAL_TIM_OC_DelayElapsedCallback  stm32f1xx_hal_tim.o
    0x080026ce   0x080026ce   0x000000cc   Code   RO          709    i.HAL_TIM_PWM_ConfigChannel  stm32f1xx_hal_tim.o
    0x0800279a   0x0800279a   0x0000005a   Code   RO          712    i.HAL_TIM_PWM_Init  stm32f1xx_hal_tim.o
    0x080027f4   0x080027f4   0x00000028   Code   RO          338    i.HAL_TIM_PWM_MspInit  tim.o
    0x0800281c   0x0800281c   0x00000002   Code   RO          715    i.HAL_TIM_PWM_PulseFinishedCallback  stm32f1xx_hal_tim.o
    0x0800281e   0x0800281e   0x00000002   PAD
    0x08002820   0x08002820   0x0000009c   Code   RO          717    i.HAL_TIM_PWM_Start  stm32f1xx_hal_tim.o
    0x080028bc   0x080028bc   0x00000014   Code   RO           14    i.HAL_TIM_PeriodElapsedCallback  main.o
    0x080028d0   0x080028d0   0x00000002   Code   RO          728    i.HAL_TIM_TriggerCallback  stm32f1xx_hal_tim.o
    0x080028d2   0x080028d2   0x00000002   Code   RO         3034    i.HAL_UARTEx_RxEventCallback  stm32f1xx_hal_uart.o
    0x080028d4   0x080028d4   0x00000002   Code   RO         3048    i.HAL_UART_ErrorCallback  stm32f1xx_hal_uart.o
    0x080028d6   0x080028d6   0x00000002   PAD
    0x080028d8   0x080028d8   0x0000026c   Code   RO         3051    i.HAL_UART_IRQHandler  stm32f1xx_hal_uart.o
    0x08002b44   0x08002b44   0x00000064   Code   RO         3052    i.HAL_UART_Init     stm32f1xx_hal_uart.o
    0x08002ba8   0x08002ba8   0x00000080   Code   RO          407    i.HAL_UART_MspInit  usart.o
    0x08002c28   0x08002c28   0x00000002   Code   RO         3058    i.HAL_UART_RxCpltCallback  stm32f1xx_hal_uart.o
    0x08002c2a   0x08002c2a   0x000000a0   Code   RO         3060    i.HAL_UART_Transmit  stm32f1xx_hal_uart.o
    0x08002cca   0x08002cca   0x00000002   Code   RO         3063    i.HAL_UART_TxCpltCallback  stm32f1xx_hal_uart.o
    0x08002ccc   0x08002ccc   0x00000002   Code   RO          451    i.HardFault_Handler  stm32f1xx_it.o
    0x08002cce   0x08002cce   0x00000002   PAD
    0x08002cd0   0x08002cd0   0x0000000c   Code   RO          452    i.I2C1_ER_IRQHandler  stm32f1xx_it.o
    0x08002cdc   0x08002cdc   0x0000000c   Code   RO          453    i.I2C1_EV_IRQHandler  stm32f1xx_it.o
    0x08002ce8   0x08002ce8   0x000000bc   Code   RO         2634    i.I2C_DMAAbort      stm32f1xx_hal_i2c.o
    0x08002da4   0x08002da4   0x00000010   Code   RO         2637    i.I2C_Flush_DR      stm32f1xx_hal_i2c.o
    0x08002db4   0x08002db4   0x00000158   Code   RO         2638    i.I2C_ITError       stm32f1xx_hal_i2c.o
    0x08002f0c   0x08002f0c   0x0000002e   Code   RO         2639    i.I2C_IsAcknowledgeFailed  stm32f1xx_hal_i2c.o
    0x08002f3a   0x08002f3a   0x000000da   Code   RO         2640    i.I2C_MasterReceive_BTF  stm32f1xx_hal_i2c.o
    0x08003014   0x08003014   0x000000f4   Code   RO         2641    i.I2C_MasterReceive_RXNE  stm32f1xx_hal_i2c.o
    0x08003108   0x08003108   0x00000082   Code   RO         2644    i.I2C_MasterTransmit_BTF  stm32f1xx_hal_i2c.o
    0x0800318a   0x0800318a   0x00000002   PAD
    0x0800318c   0x0800318c   0x000000b6   Code   RO         2645    i.I2C_MasterTransmit_TXE  stm32f1xx_hal_i2c.o
    0x08003242   0x08003242   0x00000002   PAD
    0x08003244   0x08003244   0x00000158   Code   RO         2646    i.I2C_Master_ADDR   stm32f1xx_hal_i2c.o
    0x0800339c   0x0800339c   0x0000008c   Code   RO         2647    i.I2C_Master_SB     stm32f1xx_hal_i2c.o
    0x08003428   0x08003428   0x000000a8   Code   RO         2648    i.I2C_MemoryTransmit_TXE_BTF  stm32f1xx_hal_i2c.o
    0x080034d0   0x080034d0   0x000000fc   Code   RO         2649    i.I2C_RequestMemoryRead  stm32f1xx_hal_i2c.o
    0x080035cc   0x080035cc   0x000000a8   Code   RO         2650    i.I2C_RequestMemoryWrite  stm32f1xx_hal_i2c.o
    0x08003674   0x08003674   0x00000046   Code   RO         2651    i.I2C_Slave_ADDR    stm32f1xx_hal_i2c.o
    0x080036ba   0x080036ba   0x00000002   PAD
    0x080036bc   0x080036bc   0x00000090   Code   RO         2652    i.I2C_Slave_AF      stm32f1xx_hal_i2c.o
    0x0800374c   0x0800374c   0x0000015c   Code   RO         2653    i.I2C_Slave_STOPF   stm32f1xx_hal_i2c.o
    0x080038a8   0x080038a8   0x00000056   Code   RO         2654    i.I2C_WaitOnBTFFlagUntilTimeout  stm32f1xx_hal_i2c.o
    0x080038fe   0x080038fe   0x00000002   PAD
    0x08003900   0x08003900   0x00000090   Code   RO         2655    i.I2C_WaitOnFlagUntilTimeout  stm32f1xx_hal_i2c.o
    0x08003990   0x08003990   0x000000bc   Code   RO         2656    i.I2C_WaitOnMasterAddressFlagUntilTimeout  stm32f1xx_hal_i2c.o
    0x08003a4c   0x08003a4c   0x00000070   Code   RO         2657    i.I2C_WaitOnRXNEFlagUntilTimeout  stm32f1xx_hal_i2c.o
    0x08003abc   0x08003abc   0x00000056   Code   RO         2658    i.I2C_WaitOnTXEFlagUntilTimeout  stm32f1xx_hal_i2c.o
    0x08003b12   0x08003b12   0x00000002   PAD
    0x08003b14   0x08003b14   0x00000028   Code   RO          218    i.JTAG_Set          freertos.o
    0x08003b3c   0x08003b3c   0x00000258   Code   RO         5923    i.KF_X              kf.o
    0x08003d94   0x08003d94   0x00000260   Code   RO         5924    i.KF_Y              kf.o
    0x08003ff4   0x08003ff4   0x0000003c   Code   RO          219    i.MX_FREERTOS_Init  freertos.o
    0x08004030   0x08004030   0x00000130   Code   RO          194    i.MX_GPIO_Init      gpio.o
    0x08004160   0x08004160   0x00000040   Code   RO          294    i.MX_I2C1_Init      i2c.o
    0x080041a0   0x080041a0   0x000000b0   Code   RO          339    i.MX_TIM1_Init      tim.o
    0x08004250   0x08004250   0x0000006c   Code   RO          340    i.MX_TIM2_Init      tim.o
    0x080042bc   0x080042bc   0x0000006c   Code   RO          341    i.MX_TIM4_Init      tim.o
    0x08004328   0x08004328   0x00000038   Code   RO          408    i.MX_USART1_UART_Init  usart.o
    0x08004360   0x08004360   0x00000002   Code   RO          454    i.MemManage_Handler  stm32f1xx_it.o
    0x08004362   0x08004362   0x00000002   Code   RO          455    i.NMI_Handler       stm32f1xx_it.o
    0x08004364   0x08004364   0x0000002c   Code   RO         5953    i.OLED_Clear        oled.o
    0x08004390   0x08004390   0x0000003c   Code   RO         5955    i.OLED_DrawPoint    oled.o
    0x080043cc   0x080043cc   0x0000004c   Code   RO         5956    i.OLED_Refresh_Gram  oled.o
    0x08004418   0x08004418   0x0000002c   Code   RO         5957    i.OLED_Refresh_Gram_Safe  oled.o
    0x08004444   0x08004444   0x00000090   Code   RO         5958    i.OLED_ShowChar     oled.o
    0x080044d4   0x080044d4   0x00000080   Code   RO         5959    i.OLED_ShowNumber   oled.o
    0x08004554   0x08004554   0x00000044   Code   RO         5960    i.OLED_ShowNumber_Safe  oled.o
    0x08004598   0x08004598   0x0000006c   Code   RO         5961    i.OLED_ShowString_Safe  oled.o
    0x08004604   0x08004604   0x00000074   Code   RO         5962    i.OLED_WR_Byte      oled.o
    0x08004678   0x08004678   0x000000ac   Code   RO         6058    i.PS2_Cmd           ps2.o
    0x08004724   0x08004724   0x000000ec   Code   RO         6059    i.PS2_ReadData      ps2.o
    0x08004810   0x08004810   0x0000022c   Code   RO         6060    i.PS2_SetInit       ps2.o
    0x08004a3c   0x08004a3c   0x00000050   Code   RO         6061    i.PS2_ShortPoll     ps2.o
    0x08004a8c   0x08004a8c   0x00000034   Code   RO         5872    i.Read_Encoder      motor_ctrl.o
    0x08004ac0   0x08004ac0   0x0000007c   Code   RO         5873    i.Set_Pwm           motor_ctrl.o
    0x08004b3c   0x08004b3c   0x000000c0   Code   RO          220    i.StartDefaultTask  freertos.o
    0x08004bfc   0x08004bfc   0x0000001a   Code   RO         4530    i.SysTick_Handler   cmsis_os2.o
    0x08004c16   0x08004c16   0x0000005e   Code   RO           15    i.SystemClock_Config  main.o
    0x08004c74   0x08004c74   0x00000002   Code   RO         3386    i.SystemInit        system_stm32f1xx.o
    0x08004c76   0x08004c76   0x00000002   PAD
    0x08004c78   0x08004c78   0x0000000c   Code   RO          456    i.TIM3_IRQHandler   stm32f1xx_it.o
    0x08004c84   0x08004c84   0x00000078   Code   RO          730    i.TIM_Base_SetConfig  stm32f1xx_hal_tim.o
    0x08004cfc   0x08004cfc   0x0000001a   Code   RO          731    i.TIM_CCxChannelCmd  stm32f1xx_hal_tim.o
    0x08004d16   0x08004d16   0x00000002   PAD
    0x08004d18   0x08004d18   0x00000050   Code   RO          743    i.TIM_OC1_SetConfig  stm32f1xx_hal_tim.o
    0x08004d68   0x08004d68   0x00000058   Code   RO          744    i.TIM_OC2_SetConfig  stm32f1xx_hal_tim.o
    0x08004dc0   0x08004dc0   0x00000058   Code   RO          745    i.TIM_OC3_SetConfig  stm32f1xx_hal_tim.o
    0x08004e18   0x08004e18   0x00000044   Code   RO          746    i.TIM_OC4_SetConfig  stm32f1xx_hal_tim.o
    0x08004e5c   0x08004e5c   0x00000010   Code   RO         3065    i.UART_DMAAbortOnError  stm32f1xx_hal_uart.o
    0x08004e6c   0x08004e6c   0x0000004e   Code   RO         3075    i.UART_EndRxTransfer  stm32f1xx_hal_uart.o
    0x08004eba   0x08004eba   0x000000c2   Code   RO         3077    i.UART_Receive_IT   stm32f1xx_hal_uart.o
    0x08004f7c   0x08004f7c   0x000000b8   Code   RO         3078    i.UART_SetConfig    stm32f1xx_hal_uart.o
    0x08005034   0x08005034   0x00000072   Code   RO         3081    i.UART_WaitOnFlagUntilTimeout  stm32f1xx_hal_uart.o
    0x080050a6   0x080050a6   0x00000002   PAD
    0x080050a8   0x080050a8   0x0000000c   Code   RO          457    i.USART1_IRQHandler  stm32f1xx_it.o
    0x080050b4   0x080050b4   0x00000002   Code   RO          458    i.UsageFault_Handler  stm32f1xx_it.o
    0x080050b6   0x080050b6   0x00000002   PAD
    0x080050b8   0x080050b8   0x00000020   Code   RO         6427    i.__0printf$4       mc_w.l(printf4.o)
    0x080050d8   0x080050d8   0x00000028   Code   RO         6673    i.__ARM_fpclassify  m_ws.l(fpclassify.o)
    0x08005100   0x08005100   0x00000020   Code   RO         2098    i.__NVIC_SetPriority  stm32f1xx_hal_cortex.o
    0x08005120   0x08005120   0x000000aa   Code   RO         6675    i.__kernel_poly     m_ws.l(poly.o)
    0x080051ca   0x080051ca   0x00000006   Code   RO         6618    i.__mathlib_dbl_infnan  m_ws.l(dunder.o)
    0x080051d0   0x080051d0   0x00000004   Code   RO         6619    i.__mathlib_dbl_infnan2  m_ws.l(dunder.o)
    0x080051d4   0x080051d4   0x00000010   Code   RO         6623    i.__mathlib_dbl_underflow  m_ws.l(dunder.o)
    0x080051e4   0x080051e4   0x0000000e   Code   RO         6687    i.__scatterload_copy  mc_w.l(handlers.o)
    0x080051f2   0x080051f2   0x00000002   Code   RO         6688    i.__scatterload_null  mc_w.l(handlers.o)
    0x080051f4   0x080051f4   0x0000000e   Code   RO         6689    i.__scatterload_zeroinit  mc_w.l(handlers.o)
    0x08005202   0x08005202   0x00000002   PAD
    0x08005204   0x08005204   0x0000000c   Code   RO         6655    i.__set_errno       mc_w.l(errno.o)
    0x08005210   0x08005210   0x0000022c   Code   RO         6434    i._printf_core      mc_w.l(printf4.o)
    0x0800543c   0x0800543c   0x00000080   Code   RO         5304    i.accel_self_test   inv_mpu.o
    0x080054bc   0x080054bc   0x00000220   Code   RO         6608    i.atan              m_ws.l(atan.o)
    0x080056dc   0x080056dc   0x0000019c   Code   RO         6288    i.atan2             m_ws.l(atan2.o)
    0x08005878   0x08005878   0x000000b4   Code   RO         5801    i.control_task      isr_app.o
    0x0800592c   0x0800592c   0x00000038   Code   RO         6122    i.delay_us          delay_us.o
    0x08005964   0x08005964   0x00000012   Code   RO         6062    i.delay_us_1        ps2.o
    0x08005976   0x08005976   0x0000003a   Code   RO         5621    i.dmp_enable_6x_lp_quat  inv_mpu_dmp_motion_driver.o
    0x080059b0   0x080059b0   0x000001d8   Code   RO         5622    i.dmp_enable_feature  inv_mpu_dmp_motion_driver.o
    0x08005b88   0x08005b88   0x0000003c   Code   RO         5623    i.dmp_enable_gyro_cal  inv_mpu_dmp_motion_driver.o
    0x08005bc4   0x08005bc4   0x0000003a   Code   RO         5624    i.dmp_enable_lp_quat  inv_mpu_dmp_motion_driver.o
    0x08005bfe   0x08005bfe   0x00000002   PAD
    0x08005c00   0x08005c00   0x00000014   Code   RO         5629    i.dmp_load_motion_driver_firmware  inv_mpu_dmp_motion_driver.o
    0x08005c14   0x08005c14   0x000000d8   Code   RO         5633    i.dmp_set_accel_bias  inv_mpu_dmp_motion_driver.o
    0x08005cec   0x08005cec   0x00000064   Code   RO         5634    i.dmp_set_fifo_rate  inv_mpu_dmp_motion_driver.o
    0x08005d50   0x08005d50   0x000000cc   Code   RO         5635    i.dmp_set_gyro_bias  inv_mpu_dmp_motion_driver.o
    0x08005e1c   0x08005e1c   0x0000010c   Code   RO         5637    i.dmp_set_orientation  inv_mpu_dmp_motion_driver.o
    0x08005f28   0x08005f28   0x00000030   Code   RO         5640    i.dmp_set_shake_reject_thresh  inv_mpu_dmp_motion_driver.o
    0x08005f58   0x08005f58   0x00000020   Code   RO         5641    i.dmp_set_shake_reject_time  inv_mpu_dmp_motion_driver.o
    0x08005f78   0x08005f78   0x00000020   Code   RO         5642    i.dmp_set_shake_reject_timeout  inv_mpu_dmp_motion_driver.o
    0x08005f98   0x08005f98   0x00000040   Code   RO         5643    i.dmp_set_tap_axes  inv_mpu_dmp_motion_driver.o
    0x08005fd8   0x08005fd8   0x00000022   Code   RO         5644    i.dmp_set_tap_count  inv_mpu_dmp_motion_driver.o
    0x08005ffa   0x08005ffa   0x00000002   PAD
    0x08005ffc   0x08005ffc   0x00000128   Code   RO         5645    i.dmp_set_tap_thresh  inv_mpu_dmp_motion_driver.o
    0x08006124   0x08006124   0x00000020   Code   RO         5646    i.dmp_set_tap_time  inv_mpu_dmp_motion_driver.o
    0x08006144   0x08006144   0x00000020   Code   RO         5647    i.dmp_set_tap_time_multi  inv_mpu_dmp_motion_driver.o
    0x08006164   0x08006164   0x00000018   Code   RO         5803    i.fputc             isr_app.o
    0x0800617c   0x0800617c   0x000000ac   Code   RO         5305    i.get_accel_prod_shift  inv_mpu.o
    0x08006228   0x08006228   0x00000314   Code   RO         5306    i.get_st_biases     inv_mpu.o
    0x0800653c   0x0800653c   0x000000d4   Code   RO         5307    i.gyro_self_test    inv_mpu.o
    0x08006610   0x08006610   0x00000054   Code   RO         5175    i.iic_read          io_iic.o
    0x08006664   0x08006664   0x00000050   Code   RO         5176    i.iic_write         io_iic.o
    0x080066b4   0x080066b4   0x0000004a   Code   RO         5177    i.iic_write_bit     io_iic.o
    0x080066fe   0x080066fe   0x00000056   Code   RO         5178    i.iic_write_bits    io_iic.o
    0x08006754   0x08006754   0x00000048   Code   RO         5233    i.inv_row_2_scale   mpu6050.o
    0x0800679c   0x0800679c   0x00000094   Code   RO         5179    i.io_iic_init       io_iic.o
    0x08006830   0x08006830   0x000000fc   Code   RO         5804    i.isr_app_init      isr_app.o
    0x0800692c   0x0800692c   0x00000014   Code   RO         6158    i.jspool_check_handle  jspool.o
    0x08006940   0x08006940   0x0000006c   Code   RO         6159    i.jspool_check_offset  jspool.o
    0x080069ac   0x080069ac   0x00000068   Code   RO         6163    i.jspool_find       jspool.o
    0x08006a14   0x08006a14   0x00000034   Code   RO         6164    i.jspool_find_module_locked  jspool.o
    0x08006a48   0x08006a48   0x000000a0   Code   RO         6170    i.jspool_init       jspool.o
    0x08006ae8   0x08006ae8   0x000000a0   Code   RO         6171    i.jspool_read       jspool.o
    0x08006b88   0x08006b88   0x00000188   Code   RO         6172    i.jspool_register   jspool.o
    0x08006d10   0x08006d10   0x00000010   Code   RO         6173    i.jspool_release_lock  jspool.o
    0x08006d20   0x08006d20   0x00000090   Code   RO         6175    i.jspool_take_lock  jspool.o
    0x08006db0   0x08006db0   0x000000a4   Code   RO         6177    i.jspool_write      jspool.o
    0x08006e54   0x08006e54   0x0000002e   Code   RO           16    i.main              main.o
    0x08006e82   0x08006e82   0x00000002   PAD
    0x08006e84   0x08006e84   0x00000048   Code   RO         5876    i.motor_tim_init    motor_ctrl.o
    0x08006ecc   0x08006ecc   0x0000017c   Code   RO         5234    i.mpu6050_get_euler_angle  mpu6050.o
    0x08007048   0x08007048   0x0000005e   Code   RO         5235    i.mpu6050_init      mpu6050.o
    0x080070a6   0x080070a6   0x00000002   PAD
    0x080070a8   0x080070a8   0x00000054   Code   RO         5308    i.mpu_configure_fifo  inv_mpu.o
    0x080070fc   0x080070fc   0x0000003c   Code   RO         5309    i.mpu_get_accel_fsr  inv_mpu.o
    0x08007138   0x08007138   0x00000044   Code   RO         5311    i.mpu_get_accel_sens  inv_mpu.o
    0x0800717c   0x0800717c   0x00000034   Code   RO         5317    i.mpu_get_gyro_fsr  inv_mpu.o
    0x080071b0   0x080071b0   0x00000040   Code   RO         5319    i.mpu_get_gyro_sens  inv_mpu.o
    0x080071f0   0x080071f0   0x00000038   Code   RO         5321    i.mpu_get_lpf       inv_mpu.o
    0x08007228   0x08007228   0x0000001c   Code   RO         5323    i.mpu_get_sample_rate  inv_mpu.o
    0x08007244   0x08007244   0x00000188   Code   RO         5325    i.mpu_init          inv_mpu.o
    0x080073cc   0x080073cc   0x000000a0   Code   RO         5326    i.mpu_load_firmware  inv_mpu.o
    0x0800746c   0x0800746c   0x000000b8   Code   RO         5327    i.mpu_lp_accel_mode  inv_mpu.o
    0x08007524   0x08007524   0x00000054   Code   RO         5331    i.mpu_read_mem      inv_mpu.o
    0x08007578   0x08007578   0x00000150   Code   RO         5334    i.mpu_reset_fifo    inv_mpu.o
    0x080076c8   0x080076c8   0x000000f0   Code   RO         5335    i.mpu_run_self_test  inv_mpu.o
    0x080077b8   0x080077b8   0x00000068   Code   RO         5337    i.mpu_set_accel_fsr  inv_mpu.o
    0x08007820   0x08007820   0x000000dc   Code   RO         5338    i.mpu_set_bypass    inv_mpu.o
    0x080078fc   0x080078fc   0x00000078   Code   RO         5340    i.mpu_set_dmp_state  inv_mpu.o
    0x08007974   0x08007974   0x0000006c   Code   RO         5341    i.mpu_set_gyro_fsr  inv_mpu.o
    0x080079e0   0x080079e0   0x00000064   Code   RO         5342    i.mpu_set_int_latched  inv_mpu.o
    0x08007a44   0x08007a44   0x0000006c   Code   RO         5344    i.mpu_set_lpf       inv_mpu.o
    0x08007ab0   0x08007ab0   0x00000080   Code   RO         5345    i.mpu_set_sample_rate  inv_mpu.o
    0x08007b30   0x08007b30   0x000000b8   Code   RO         5346    i.mpu_set_sensors   inv_mpu.o
    0x08007be8   0x08007be8   0x00000054   Code   RO         5347    i.mpu_write_mem     inv_mpu.o
    0x08007c3c   0x08007c3c   0x00000070   Code   RO         5925    i.mul               kf.o
    0x08007cac   0x08007cac   0x000000f4   Code   RO         5963    i.oled_driver_Init  oled.o
    0x08007da0   0x08007da0   0x000000e0   Code   RO         5964    i.oled_module_init  oled.o
    0x08007e80   0x08007e80   0x00000210   Code   RO         5965    i.oled_show         oled.o
    0x08008090   0x08008090   0x0000000c   Code   RO         5966    i.oled_task         oled.o
    0x0800809c   0x0800809c   0x0000001a   Code   RO         4532    i.osDelay           cmsis_os2.o
    0x080080b6   0x080080b6   0x00000002   PAD
    0x080080b8   0x080080b8   0x00000024   Code   RO         4546    i.osKernelInitialize  cmsis_os2.o
    0x080080dc   0x080080dc   0x00000038   Code   RO         4549    i.osKernelStart     cmsis_os2.o
    0x08008114   0x08008114   0x0000008a   Code   RO         4591    i.osThreadNew       cmsis_os2.o
    0x0800819e   0x0800819e   0x00000002   PAD
    0x080081a0   0x080081a0   0x0000005c   Code   RO         3994    i.prvAddCurrentTaskToDelayedList  tasks.o
    0x080081fc   0x080081fc   0x000000d0   Code   RO         3995    i.prvAddNewTaskToReadyList  tasks.o
    0x080082cc   0x080082cc   0x00000058   Code   RO         4359    i.prvCheckForValidListAndQueue  timers.o
    0x08008324   0x08008324   0x00000026   Code   RO         3591    i.prvCopyDataFromQueue  queue.o
    0x0800834a   0x0800834a   0x0000006c   Code   RO         3592    i.prvCopyDataToQueue  queue.o
    0x080083b6   0x080083b6   0x00000034   Code   RO         3996    i.prvDeleteTCB      tasks.o
    0x080083ea   0x080083ea   0x00000002   PAD
    0x080083ec   0x080083ec   0x0000004c   Code   RO         5040    i.prvHeapInit       heap_4.o
    0x08008438   0x08008438   0x00000060   Code   RO         3997    i.prvIdleTask       tasks.o
    0x08008498   0x08008498   0x00000016   Code   RO         3593    i.prvInitialiseMutex  queue.o
    0x080084ae   0x080084ae   0x00000002   PAD
    0x080084b0   0x080084b0   0x00000022   Code   RO         3594    i.prvInitialiseNewQueue  queue.o
    0x080084d2   0x080084d2   0x00000002   PAD
    0x080084d4   0x080084d4   0x000000b0   Code   RO         3998    i.prvInitialiseNewTask  tasks.o
    0x08008584   0x08008584   0x0000004c   Code   RO         5041    i.prvInsertBlockIntoFreeList  heap_4.o
    0x080085d0   0x080085d0   0x00000038   Code   RO         4361    i.prvInsertTimerInActiveList  timers.o
    0x08008608   0x08008608   0x0000001c   Code   RO         3595    i.prvIsQueueEmpty   queue.o
    0x08008624   0x08008624   0x000000fc   Code   RO         4362    i.prvProcessReceivedCommands  timers.o
    0x08008720   0x08008720   0x000000c0   Code   RO         4363    i.prvProcessTimerOrBlockTask  timers.o
    0x080087e0   0x080087e0   0x00000020   Code   RO         4000    i.prvResetNextTaskUnblockTime  tasks.o
    0x08008800   0x08008800   0x00000028   Code   RO         4364    i.prvSampleTimeNow  timers.o
    0x08008828   0x08008828   0x0000006c   Code   RO         4365    i.prvSwitchTimerLists  timers.o
    0x08008894   0x08008894   0x00000028   Code   RO         5096    i.prvTaskExitError  port.o
    0x080088bc   0x080088bc   0x00000024   Code   RO         4366    i.prvTimerTask      timers.o
    0x080088e0   0x080088e0   0x0000006a   Code   RO         3596    i.prvUnlockQueue    queue.o
    0x0800894a   0x0800894a   0x00000002   PAD
    0x0800894c   0x0800894c   0x000000dc   Code   RO         5042    i.pvPortMalloc      heap_4.o
    0x08008a28   0x08008a28   0x00000018   Code   RO         4003    i.pvTaskIncrementMutexHeldCount  tasks.o
    0x08008a40   0x08008a40   0x00000024   Code   RO         5097    i.pxPortInitialiseStack  port.o
    0x08008a64   0x08008a64   0x000000cc   Code   RO         5236    i.run_self_test     mpu6050.o
    0x08008b30   0x08008b30   0x00000058   Code   RO         5349    i.set_int_enable    inv_mpu.o
    0x08008b88   0x08008b88   0x00000026   Code   RO         3551    i.uxListRemove      list.o
    0x08008bae   0x08008bae   0x00000002   PAD
    0x08008bb0   0x08008bb0   0x00000014   Code   RO         4603    i.vApplicationGetIdleTaskMemory  cmsis_os2.o
    0x08008bc4   0x08008bc4   0x00000018   Code   RO         4604    i.vApplicationGetTimerTaskMemory  cmsis_os2.o
    0x08008bdc   0x08008bdc   0x00000016   Code   RO         3552    i.vListInitialise   list.o
    0x08008bf2   0x08008bf2   0x00000006   Code   RO         3553    i.vListInitialiseItem  list.o
    0x08008bf8   0x08008bf8   0x00000030   Code   RO         3554    i.vListInsert       list.o
    0x08008c28   0x08008c28   0x00000018   Code   RO         3555    i.vListInsertEnd    list.o
    0x08008c40   0x08008c40   0x000000d0   Code   RO         6063    i.vPS2_Task         ps2.o
    0x08008d10   0x08008d10   0x00000040   Code   RO         5099    i.vPortEnterCritical  port.o
    0x08008d50   0x08008d50   0x00000028   Code   RO         5100    i.vPortExitCritical  port.o
    0x08008d78   0x08008d78   0x00000064   Code   RO         5043    i.vPortFree         heap_4.o
    0x08008ddc   0x08008ddc   0x00000024   Code   RO         5101    i.vPortSetupTimerInterrupt  port.o
    0x08008e00   0x08008e00   0x00000054   Code   RO         5102    i.vPortValidateInterruptPriority  port.o
    0x08008e54   0x08008e54   0x00000028   Code   RO         3602    i.vQueueAddToRegistry  queue.o
    0x08008e7c   0x08008e7c   0x00000044   Code   RO         3606    i.vQueueWaitForMessageRestricted  queue.o
    0x08008ec0   0x08008ec0   0x0000004c   Code   RO         4013    i.vTaskDelay        tasks.o
    0x08008f0c   0x08008f0c   0x0000008c   Code   RO         4014    i.vTaskDelayUntil   tasks.o
    0x08008f98   0x08008f98   0x00000010   Code   RO         4018    i.vTaskInternalSetTimeOutState  tasks.o
    0x08008fa8   0x08008fa8   0x0000000c   Code   RO         4019    i.vTaskMissedYield  tasks.o
    0x08008fb4   0x08008fb4   0x00000030   Code   RO         4021    i.vTaskPlaceOnEventList  tasks.o
    0x08008fe4   0x08008fe4   0x00000038   Code   RO         4022    i.vTaskPlaceOnEventListRestricted  tasks.o
    0x0800901c   0x0800901c   0x00000090   Code   RO         4024    i.vTaskPriorityDisinheritAfterTimeout  tasks.o
    0x080090ac   0x080090ac   0x00000088   Code   RO         4030    i.vTaskStartScheduler  tasks.o
    0x08009134   0x08009134   0x00000010   Code   RO         4032    i.vTaskSuspendAll   tasks.o
    0x08009144   0x08009144   0x00000064   Code   RO         4033    i.vTaskSwitchContext  tasks.o
    0x080091a8   0x080091a8   0x000000a8   Code   RO         5103    i.xPortStartScheduler  port.o
    0x08009250   0x08009250   0x0000002c   Code   RO         5104    i.xPortSysTickHandler  port.o
    0x0800927c   0x0800927c   0x00000016   Code   RO         3609    i.xQueueCreateMutex  queue.o
    0x08009292   0x08009292   0x00000042   Code   RO         3611    i.xQueueGenericCreate  queue.o
    0x080092d4   0x080092d4   0x00000066   Code   RO         3612    i.xQueueGenericCreateStatic  queue.o
    0x0800933a   0x0800933a   0x00000002   PAD
    0x0800933c   0x0800933c   0x00000088   Code   RO         3613    i.xQueueGenericReset  queue.o
    0x080093c4   0x080093c4   0x00000160   Code   RO         3614    i.xQueueGenericSend  queue.o
    0x08009524   0x08009524   0x000000be   Code   RO         3615    i.xQueueGenericSendFromISR  queue.o
    0x080095e2   0x080095e2   0x0000009c   Code   RO         3618    i.xQueueGiveFromISR  queue.o
    0x0800967e   0x0800967e   0x00000002   PAD
    0x08009680   0x08009680   0x00000138   Code   RO         3624    i.xQueueReceive     queue.o
    0x080097b8   0x080097b8   0x00000178   Code   RO         3626    i.xQueueSemaphoreTake  queue.o
    0x08009930   0x08009930   0x00000074   Code   RO         4035    i.xTaskCheckForTimeOut  tasks.o
    0x080099a4   0x080099a4   0x0000005a   Code   RO         4036    i.xTaskCreate       tasks.o
    0x080099fe   0x080099fe   0x00000056   Code   RO         4037    i.xTaskCreateStatic  tasks.o
    0x08009a54   0x08009a54   0x0000001c   Code   RO         4041    i.xTaskGetSchedulerState  tasks.o
    0x08009a70   0x08009a70   0x0000000c   Code   RO         4042    i.xTaskGetTickCount  tasks.o
    0x08009a7c   0x08009a7c   0x000000c8   Code   RO         4044    i.xTaskIncrementTick  tasks.o
    0x08009b44   0x08009b44   0x00000080   Code   RO         4047    i.xTaskPriorityDisinherit  tasks.o
    0x08009bc4   0x08009bc4   0x00000078   Code   RO         4048    i.xTaskPriorityInherit  tasks.o
    0x08009c3c   0x08009c3c   0x00000070   Code   RO         4049    i.xTaskRemoveFromEventList  tasks.o
    0x08009cac   0x08009cac   0x000000c4   Code   RO         4050    i.xTaskResumeAll    tasks.o
    0x08009d70   0x08009d70   0x00000060   Code   RO         4375    i.xTimerCreateTimerTask  timers.o
    0x08009dd0   0x08009dd0   0x00000068   Code   RO         4376    i.xTimerGenericCommand  timers.o
    0x08009e38   0x08009e38   0x00000035   Data   RO          221    .constdata          freertos.o
    0x08009e6d   0x08009e6d   0x00000012   Data   RO         1796    .constdata          stm32f1xx_hal_rcc.o
    0x08009e7f   0x08009e7f   0x00000010   Data   RO         3387    .constdata          system_stm32f1xx.o
    0x08009e8f   0x08009e8f   0x00000008   Data   RO         3388    .constdata          system_stm32f1xx.o
    0x08009e97   0x08009e97   0x0000000c   Data   RO         5180    .constdata          io_iic.o
    0x08009ea3   0x08009ea3   0x00000001   PAD
    0x08009ea4   0x08009ea4   0x0000000c   Data   RO         5350    .constdata          inv_mpu.o
    0x08009eb0   0x08009eb0   0x0000001b   Data   RO         5351    .constdata          inv_mpu.o
    0x08009ecb   0x08009ecb   0x00000001   PAD
    0x08009ecc   0x08009ecc   0x00000028   Data   RO         5352    .constdata          inv_mpu.o
    0x08009ef4   0x08009ef4   0x00000bf6   Data   RO         5649    .constdata          inv_mpu_dmp_motion_driver.o
    0x0800aaea   0x0800aaea   0x0000000d   Data   RO         5806    .constdata          isr_app.o
    0x0800aaf7   0x0800aaf7   0x00000001   PAD
    0x0800aaf8   0x0800aaf8   0x000000b8   Data   RO         5927    .constdata          kf.o
    0x0800abb0   0x0800abb0   0x00000a75   Data   RO         5968    .constdata          oled.o
    0x0800b625   0x0800b625   0x0000000c   Data   RO         6065    .constdata          ps2.o
    0x0800b631   0x0800b631   0x00000103   Data   RO         6178    .constdata          jspool.o
    0x0800b734   0x0800b734   0x00000004   PAD
    0x0800b738   0x0800b738   0x00000098   Data   RO         6609    .constdata          m_ws.l(atan.o)
    0x0800b7d0   0x0800b7d0   0x00000008   Data   RO         6631    .constdata          m_ws.l(qnan.o)
    0x0800b7d8   0x0800b7d8   0x0000000c   Data   RO          222    .conststring        freertos.o
    0x0800b7e4   0x0800b7e4   0x0000004e   Data   RO         5353    .conststring        inv_mpu.o
    0x0800b832   0x0800b832   0x00000002   PAD
    0x0800b834   0x0800b834   0x00000020   Data   RO         6685    Region$$Table       anon$$obj.o


    Execution Region RW_IRAM1 (Exec base: 0x20000000, Load base: 0x0800b854, Size: 0x000048b8, Max: 0x00005000, ABSOLUTE, COMPRESSED[0x00000040])

    Exec Addr    Load Addr    Size         Type   Attr      Idx    E Section Name        Object

    0x20000000   COMPRESSED   0x00000004   Data   RW          223    .data               freertos.o
    0x20000004   COMPRESSED   0x0000000c   Data   RW         1633    .data               stm32f1xx_hal.o
    0x20000010   COMPRESSED   0x00000004   Data   RW         3389    .data               system_stm32f1xx.o
    0x20000014   COMPRESSED   0x0000003c   Data   RW         4053    .data               tasks.o
    0x20000050   COMPRESSED   0x00000014   Data   RW         4384    .data               timers.o
    0x20000064   COMPRESSED   0x00000004   Data   RW         4606    .data               cmsis_os2.o
    0x20000068   COMPRESSED   0x00000020   Data   RW         5049    .data               heap_4.o
    0x20000088   COMPRESSED   0x0000000c   Data   RW         5105    .data               port.o
    0x20000094   COMPRESSED   0x00000004   Data   RW         5181    .data               io_iic.o
    0x20000098   COMPRESSED   0x00000009   Data   RW         5237    .data               mpu6050.o
    0x200000a1   COMPRESSED   0x00000003   PAD
    0x200000a4   COMPRESSED   0x0000002c   Data   RW         5354    .data               inv_mpu.o
    0x200000d0   COMPRESSED   0x00000018   Data   RW         5809    .data               isr_app.o
    0x200000e8   COMPRESSED   0x00000050   Data   RW         5928    .data               kf.o
    0x20000138   COMPRESSED   0x00000004   Data   RW         5969    .data               oled.o
    0x2000013c   COMPRESSED   0x0000000c   Data   RW         6066    .data               ps2.o
    0x20000148   COMPRESSED   0x00000030   Data   RW         6179    .data               jspool.o
    0x20000178   COMPRESSED   0x00000004   Data   RW         6648    .data               mc_w.l(stdout.o)
    0x2000017c   COMPRESSED   0x00000004   Data   RW         6656    .data               mc_w.l(errno.o)
    0x20000180        -       0x00000054   Zero   RW          295    .bss                i2c.o
    0x200001d4        -       0x000000d8   Zero   RW          342    .bss                tim.o
    0x200002ac        -       0x00000048   Zero   RW          409    .bss                usart.o
    0x200002f4        -       0x00000048   Zero   RW          563    .bss                stm32f1xx_hal_timebase_tim.o
    0x2000033c        -       0x00000040   Zero   RW         3628    .bss                queue.o
    0x2000037c        -       0x000004c4   Zero   RW         4052    .bss                tasks.o
    0x20000840        -       0x00000118   Zero   RW         4383    .bss                timers.o
    0x20000958        -       0x000006b8   Zero   RW         4605    .bss                cmsis_os2.o
    0x20001010        -       0x00003000   Zero   RW         5048    .bss                heap_4.o
    0x20004010        -       0x00000010   Zero   RW         5648    .bss                inv_mpu_dmp_motion_driver.o
    0x20004020        -       0x00000038   Zero   RW         5805    .bss                isr_app.o
    0x20004058        -       0x00000030   Zero   RW         5877    .bss                motor_ctrl.o
    0x20004088        -       0x00000020   Zero   RW         5926    .bss                kf.o
    0x200040a8        -       0x00000400   Zero   RW         5967    .bss                oled.o
    0x200044a8        -       0x00000009   Zero   RW         6064    .bss                ps2.o
    0x200044b1   COMPRESSED   0x00000007   PAD
    0x200044b8        -       0x00000400   Zero   RW            1    STACK               startup_stm32f103xb.o


==============================================================================

Image component sizes


      Code (inc. data)   RO Data    RW Data    ZI Data      Debug   Object Name

       326         22          0          4       1720      56167   cmsis_os2.o
        56          4          0          0          0        755   delay_us.o
         0          0          0          0          0      19720   event_groups.o
       292        142         65          4          0       8764   freertos.o
       304         22          0          0          0       1079   gpio.o
       472         24          0         32      12288       4895   heap_4.o
       208         30          0          0         84       1765   i2c.o
      4352        276        157         44          0      26487   inv_mpu.o
      2026        114       3062          0         16      18238   inv_mpu_dmp_motion_driver.o
       472        128         12          4          0       4702   io_iic.o
       716        222         13         24         56       5407   isr_app.o
      1320        464        259         48          0      14678   jspool.o
      1320         26        184         80         32       3880   kf.o
       138          0          0          0          0       3526   list.o
       164          6          0          0          0     447232   main.o
       248         32          0          0         48       3325   motor_ctrl.o
      1590        526          0          9          0      16953   mpu6050.o
      1796        270       2677          4       1024      10625   oled.o
       662         70          0         12          0      11005   port.o
      1270        286         12         12          9       6395   ps2.o
      2156         24          0          0         64      22740   queue.o
        36          8        236          0       1024        824   startup_stm32f103xb.o
       100         18          0         12          0       5402   stm32f1xx_hal.o
       158         14          0          0          0      28290   stm32f1xx_hal_cortex.o
       228          4          0          0          0       2414   stm32f1xx_hal_dma.o
       540         40          0          0          0       4847   stm32f1xx_hal_gpio.o
      5694         96          0          0          0      33352   stm32f1xx_hal_i2c.o
        72         10          0          0          0        914   stm32f1xx_hal_msp.o
      1304         94         18          0          0       5893   stm32f1xx_hal_rcc.o
      1718         56          0          0          0      15290   stm32f1xx_hal_tim.o
       192         12          0          0          0       3297   stm32f1xx_hal_tim_ex.o
       152         20          0          0         72       1543   stm32f1xx_hal_timebase_tim.o
      1474         10          0          0          0      10376   stm32f1xx_hal_uart.o
        68         24          0          0          0       5008   stm32f1xx_it.o
         0          0          0          0          0        392   stream_buffer.o
         2          0         24          4          0       1179   system_stm32f1xx.o
      2512        200          0         60       1220      30435   tasks.o
       648         64          0          0        216       4467   tim.o
       972         80          0         20        280      29887   timers.o
       184         20          0          0         72       1778   usart.o

    ----------------------------------------------------------------------
     36008       3458       6760        376      18232     873926   Object Totals
         0          0         32          0          0          0   (incl. Generated)
        66          0          9          3          7          0   (incl. Padding)

    ----------------------------------------------------------------------

      Code (inc. data)   RO Data    RW Data    ZI Data      Debug   Library Member Name

       544         70        152          0          0        124   atan.o
       412         38          0          0          0        144   atan2.o
        26          6          0          0          0        204   dunder.o
        40          0          0          0          0         68   fpclassify.o
       170          0          0          0          0         96   poly.o
         0          0          8          0          0          0   qnan.o
        86          0          0          0          0          0   __dczerorl2.o
         0          0          0          0          0          0   entry.o
         0          0          0          0          0          0   entry10a.o
         0          0          0          0          0          0   entry11a.o
         4          0          0          0          0          0   entry12b.o
         8          4          0          0          0          0   entry2.o
         4          0          0          0          0          0   entry5.o
         0          0          0          0          0          0   entry7b.o
         0          0          0          0          0          0   entry8b.o
         8          4          0          0          0          0   entry9a.o
        12          6          0          4          0         68   errno.o
        30          0          0          0          0          0   handlers.o
        36          8          0          0          0         68   init.o
         0          0          0          0          0          0   iusefp.o
        98          0          0          0          0         84   ldiv.o
        30          0          0          0          0         68   llshl.o
        36          0          0          0          0         68   llsshr.o
        32          0          0          0          0         68   llushr.o
        26          0          0          0          0         80   memcmp.o
        36          0          0          0          0         68   memcpya.o
        36          0          0          0          0        108   memseta.o
       588         14          0          0          0        184   printf4.o
         0          0          0          4          0          0   stdout.o
        28          0          0          0          0         76   strcmp.o
        24          0          0          0          0         76   strncpy.o
        98          0          0          0          0         92   uldiv.o
        48          0          0          0          0         68   cdcmple.o
        56          0          0          0          0         88   d2f.o
       334          0          0          0          0        148   dadd.o
       222          0          0          0          0        100   ddiv.o
       186          0          0          0          0        176   depilogue.o
        34          0          0          0          0         76   dflti.o
       228          0          0          0          0         96   dmul.o
        46          0          0          0          0         80   dscalb.o
        38          0          0          0          0         68   f2d.o
       176          0          0          0          0        140   fadd.o
       124          0          0          0          0         88   fdiv.o
       110          0          0          0          0        168   fepilogue.o
        50          0          0          0          0         68   ffixi.o
        40          0          0          0          0         68   ffixui.o
        18          0          0          0          0         68   fflti.o
        10          0          0          0          0         68   ffltui.o
       100          0          0          0          0         76   fmul.o
        24          0          0          0          0         68   fscalb.o

    ----------------------------------------------------------------------
      4260        150        160          8          0       3456   Library Totals
         4          0          0          0          0          0   (incl. Padding)

    ----------------------------------------------------------------------

      Code (inc. data)   RO Data    RW Data    ZI Data      Debug   Library Name

      1192        114        160          0          0        636   m_ws.l
      1220         36          0          8          0       1108   mc_w.l
      1844          0          0          0          0       1712   mf_w.l

    ----------------------------------------------------------------------
      4260        150        160          8          0       3456   Library Totals

    ----------------------------------------------------------------------

==============================================================================


      Code (inc. data)   RO Data    RW Data    ZI Data      Debug   

     40268       3608       6920        384      18232     860350   Grand Totals
     40268       3608       6920         64      18232     860350   ELF Image Totals (compressed)
     40268       3608       6920         64          0          0   ROM Totals

==============================================================================

    Total RO  Size (Code + RO Data)                47188 (  46.08kB)
    Total RW  Size (RW Data + ZI Data)             18616 (  18.18kB)
    Total ROM Size (Code + RO Data + RW Data)      47252 (  46.14kB)

==============================================================================

